/Library/Developer/CommandLineTools/usr/bin/make -C ./src/backend generated-headers
/Library/Developer/CommandLineTools/usr/bin/make -C ../include/catalog generated-headers
/Library/Developer/CommandLineTools/usr/bin/make -C nodes generated-header-symlinks
/Library/Developer/CommandLineTools/usr/bin/make -C utils generated-header-symlinks
make[2]: Nothing to be done for `generated-header-symlinks'.
/Library/Developer/CommandLineTools/usr/bin/make -C adt jsonpath_gram.h
make[2]: Nothing to be done for `generated-headers'.
make[3]: `jsonpath_gram.h' is up to date.
/Library/Developer/CommandLineTools/usr/bin/make -C src all
/Library/Developer/CommandLineTools/usr/bin/make -C config all
make[1]: Nothing to be done for `all'.
/Library/Developer/CommandLineTools/usr/bin/make -C common all
make[2]: Nothing to be done for `all'.
/Library/Developer/CommandLineTools/usr/bin/make -C port all
make[2]: Nothing to be done for `all'.
/Library/Developer/CommandLineTools/usr/bin/make -C timezone all
/Library/Developer/CommandLineTools/usr/bin/make -C ../../src/port all
make[3]: Nothing to be done for `all'.
/Library/Developer/CommandLineTools/usr/bin/make -C ../../src/common all
make[3]: Nothing to be done for `all'.
/Library/Developer/CommandLineTools/usr/bin/make -C backend all
/Library/Developer/CommandLineTools/usr/bin/make -C ../../src/port all
/Library/Developer/CommandLineTools/usr/bin/make -C ../include/catalog generated-headers
/Library/Developer/CommandLineTools/usr/bin/make -C utils generated-header-symlinks
/Library/Developer/CommandLineTools/usr/bin/make -C access all
/Library/Developer/CommandLineTools/usr/bin/make -C archive all
/Library/Developer/CommandLineTools/usr/bin/make -C backup all
/Library/Developer/CommandLineTools/usr/bin/make -C bootstrap all
/Library/Developer/CommandLineTools/usr/bin/make -C catalog all
make[3]: Nothing to be done for `all'.
/Library/Developer/CommandLineTools/usr/bin/make -C ../../src/common all
/Library/Developer/CommandLineTools/usr/bin/make -C adt jsonpath_gram.h
make[3]: Nothing to be done for `all'.
/Library/Developer/CommandLineTools/usr/bin/make -C parser all
make[3]: Nothing to be done for `all'.
/Library/Developer/CommandLineTools/usr/bin/make -C blockchain all
/Library/Developer/CommandLineTools/usr/bin/make -C commands all
make[3]: Nothing to be done for `all'.
/Library/Developer/CommandLineTools/usr/bin/make -C executor all
make[3]: Nothing to be done for `all'.
/Library/Developer/CommandLineTools/usr/bin/make -C foreign all
make[4]: `jsonpath_gram.h' is up to date.
/Library/Developer/CommandLineTools/usr/bin/make -C lib all
make[3]: Nothing to be done for `all'.
gcc -Wall -Wmissing-prototypes -Wpointer-arith -Wdeclaration-after-statement -Werror=vla -Werror=unguarded-availability-new -Wendif-labels -Wmissing-format-attribute -Wcast-function-type -Wformat-security -Wmissing-variable-declarations -fno-strict-aliasing -fwrapv -fexcess-precision=standard -Wno-unused-command-line-argument -Wno-compound-token-split-by-macro -Wno-cast-function-type-strict -O2 -I../../../../src/include -I/opt/homebrew/Cellar/icu4c@77/77.1/include   -isysroot /Library/Developer/CommandLineTools/SDKs/MacOSX15.2.sdk   -I/opt/homebrew/opt/icu4c@77/include  -c -o blockchain_hash.o blockchain_hash.c
/Library/Developer/CommandLineTools/usr/bin/make -C libpq all
make[3]: Nothing to be done for `generated-headers'.
/Library/Developer/CommandLineTools/usr/bin/make -C main all
make[3]: Nothing to be done for `all'.
/Library/Developer/CommandLineTools/usr/bin/make -C nodes all
make[3]: Nothing to be done for `all'.
/Library/Developer/CommandLineTools/usr/bin/make -C optimizer all
make[3]: Nothing to be done for `all'.
/Library/Developer/CommandLineTools/usr/bin/make -C partitioning all
gcc -Wall -Wmissing-prototypes -Wpointer-arith -Wdeclaration-after-statement -Werror=vla -Werror=unguarded-availability-new -Wendif-labels -Wmissing-format-attribute -Wcast-function-type -Wformat-security -Wmissing-variable-declarations -fno-strict-aliasing -fwrapv -fexcess-precision=standard -Wno-unused-command-line-argument -Wno-compound-token-split-by-macro -Wno-cast-function-type-strict -O2 -I../../../src/include -I/opt/homebrew/Cellar/icu4c@77/77.1/include   -isysroot /Library/Developer/CommandLineTools/SDKs/MacOSX15.2.sdk   -I/opt/homebrew/opt/icu4c@77/include  -c -o auth-oauth.o auth-oauth.c
gcc -Wall -Wmissing-prototypes -Wpointer-arith -Wdeclaration-after-statement -Werror=vla -Werror=unguarded-availability-new -Wendif-labels -Wmissing-format-attribute -Wcast-function-type -Wformat-security -Wmissing-variable-declarations -fno-strict-aliasing -fwrapv -fexcess-precision=standard -Wno-unused-command-line-argument -Wno-compound-token-split-by-macro -Wno-cast-function-type-strict -O2 -I../../../src/include -I/opt/homebrew/Cellar/icu4c@77/77.1/include   -isysroot /Library/Developer/CommandLineTools/SDKs/MacOSX15.2.sdk   -I/opt/homebrew/opt/icu4c@77/include  -c -o main.o main.c
make[3]: Nothing to be done for `all'.
/Library/Developer/CommandLineTools/usr/bin/make -C brin all
/Library/Developer/CommandLineTools/usr/bin/make -C geqo all
make[3]: Nothing to be done for `all'.
/Library/Developer/CommandLineTools/usr/bin/make -C common all
gcc -Wall -Wmissing-prototypes -Wpointer-arith -Wdeclaration-after-statement -Werror=vla -Werror=unguarded-availability-new -Wendif-labels -Wmissing-format-attribute -Wcast-function-type -Wformat-security -Wmissing-variable-declarations -fno-strict-aliasing -fwrapv -fexcess-precision=standard -Wno-unused-command-line-argument -Wno-compound-token-split-by-macro -Wno-cast-function-type-strict -O2 -I../../../src/include -I/opt/homebrew/Cellar/icu4c@77/77.1/include   -isysroot /Library/Developer/CommandLineTools/SDKs/MacOSX15.2.sdk   -I/opt/homebrew/opt/icu4c@77/include  -c -o partbounds.o partbounds.c
gcc -Wall -Wmissing-prototypes -Wpointer-arith -Wdeclaration-after-statement -Werror=vla -Werror=unguarded-availability-new -Wendif-labels -Wmissing-format-attribute -Wcast-function-type -Wformat-security -Wmissing-variable-declarations -fno-strict-aliasing -fwrapv -fexcess-precision=standard -Wno-unused-command-line-argument -Wno-compound-token-split-by-macro -Wno-cast-function-type-strict -O2 -I. -I. -I../../../src/include -I/opt/homebrew/Cellar/icu4c@77/77.1/include   -isysroot /Library/Developer/CommandLineTools/SDKs/MacOSX15.2.sdk   -I/opt/homebrew/opt/icu4c@77/include  -c -o bitmapset.o bitmapset.c
make[4]: Nothing to be done for `all'.
/Library/Developer/CommandLineTools/usr/bin/make -C port all
gcc -Wall -Wmissing-prototypes -Wpointer-arith -Wdeclaration-after-statement -Werror=vla -Werror=unguarded-availability-new -Wendif-labels -Wmissing-format-attribute -Wcast-function-type -Wformat-security -Wmissing-variable-declarations -fno-strict-aliasing -fwrapv -fexcess-precision=standard -Wno-unused-command-line-argument -Wno-compound-token-split-by-macro -Wno-cast-function-type-strict -O2 -I../../../../src/include -I/opt/homebrew/Cellar/icu4c@77/77.1/include   -isysroot /Library/Developer/CommandLineTools/SDKs/MacOSX15.2.sdk   -I/opt/homebrew/opt/icu4c@77/include  -c -o geqo_copy.o geqo_copy.c
gcc -Wall -Wmissing-prototypes -Wpointer-arith -Wdeclaration-after-statement -Werror=vla -Werror=unguarded-availability-new -Wendif-labels -Wmissing-format-attribute -Wcast-function-type -Wformat-security -Wmissing-variable-declarations -fno-strict-aliasing -fwrapv -fexcess-precision=standard -Wno-unused-command-line-argument -Wno-compound-token-split-by-macro -Wno-cast-function-type-strict -O2 -I../../../../src/include -I/opt/homebrew/Cellar/icu4c@77/77.1/include   -isysroot /Library/Developer/CommandLineTools/SDKs/MacOSX15.2.sdk   -I/opt/homebrew/opt/icu4c@77/include  -c -o attmap.o attmap.c
gcc -Wall -Wmissing-prototypes -Wpointer-arith -Wdeclaration-after-statement -Werror=vla -Werror=unguarded-availability-new -Wendif-labels -Wmissing-format-attribute -Wcast-function-type -Wformat-security -Wmissing-variable-declarations -fno-strict-aliasing -fwrapv -fexcess-precision=standard -Wno-unused-command-line-argument -Wno-compound-token-split-by-macro -Wno-cast-function-type-strict -O2 -I../../../src/include -I/opt/homebrew/Cellar/icu4c@77/77.1/include   -isysroot /Library/Developer/CommandLineTools/SDKs/MacOSX15.2.sdk   -I/opt/homebrew/opt/icu4c@77/include  -c -o atomics.o atomics.c
gcc -Wall -Wmissing-prototypes -Wpointer-arith -Wdeclaration-after-statement -Werror=vla -Werror=unguarded-availability-new -Wendif-labels -Wmissing-format-attribute -Wcast-function-type -Wformat-security -Wmissing-variable-declarations -fno-strict-aliasing -fwrapv -fexcess-precision=standard -Wno-unused-command-line-argument -Wno-compound-token-split-by-macro -Wno-cast-function-type-strict -O2 -I../../../src/include -I/opt/homebrew/Cellar/icu4c@77/77.1/include   -isysroot /Library/Developer/CommandLineTools/SDKs/MacOSX15.2.sdk   -I/opt/homebrew/opt/icu4c@77/include  -c -o pg_sema.o pg_sema.c
gcc -Wall -Wmissing-prototypes -Wpointer-arith -Wdeclaration-after-statement -Werror=vla -Werror=unguarded-availability-new -Wendif-labels -Wmissing-format-attribute -Wcast-function-type -Wformat-security -Wmissing-variable-declarations -fno-strict-aliasing -fwrapv -fexcess-precision=standard -Wno-unused-command-line-argument -Wno-compound-token-split-by-macro -Wno-cast-function-type-strict -O2 -I../../../../src/include -I/opt/homebrew/Cellar/icu4c@77/77.1/include   -isysroot /Library/Developer/CommandLineTools/SDKs/MacOSX15.2.sdk   -I/opt/homebrew/opt/icu4c@77/include  -c -o geqo_cx.o geqo_cx.c
blockchain_hash.c:1051:9: error: call to undeclared function 'getTypeOutputInfo'; ISO C99 and later do not support implicit function declarations [-Wimplicit-function-declaration]
 1051 |         getTypeOutputInfo(TupleDescAttr(desc,i)->atttypid, &typoutput, &typisvarlena);
      |         ^
blockchain_hash.c:1043:21: warning: mixing declarations and code is incompatible with standards before C99 [-Wdeclaration-after-statement]
 1043 |         const char *attname = NameStr(TupleDescAttr(desc, i)->attname);
      |                     ^
blockchain_hash.c:1034:15: warning: mixing declarations and code is incompatible with standards before C99 [-Wdeclaration-after-statement]
 1034 |     TupleDesc desc = RelationGetDescr(rel);
      |               ^
2 warnings and 1 error generated.
make[4]: *** [blockchain_hash.o] Error 1
make[3]: *** [blockchain-recursive] Error 2
make[3]: *** Waiting for unfinished jobs....
/Library/Developer/CommandLineTools/usr/bin/make -C path all
gcc -Wall -Wmissing-prototypes -Wpointer-arith -Wdeclaration-after-statement -Werror=vla -Werror=unguarded-availability-new -Wendif-labels -Wmissing-format-attribute -Wcast-function-type -Wformat-security -Wmissing-variable-declarations -fno-strict-aliasing -fwrapv -fexcess-precision=standard -Wno-unused-command-line-argument -Wno-compound-token-split-by-macro -Wno-cast-function-type-strict -O2 -I../../../../src/include -I/opt/homebrew/Cellar/icu4c@77/77.1/include   -isysroot /Library/Developer/CommandLineTools/SDKs/MacOSX15.2.sdk   -I/opt/homebrew/opt/icu4c@77/include  -c -o bufmask.o bufmask.c
gcc -Wall -Wmissing-prototypes -Wpointer-arith -Wdeclaration-after-statement -Werror=vla -Werror=unguarded-availability-new -Wendif-labels -Wmissing-format-attribute -Wcast-function-type -Wformat-security -Wmissing-variable-declarations -fno-strict-aliasing -fwrapv -fexcess-precision=standard -Wno-unused-command-line-argument -Wno-compound-token-split-by-macro -Wno-cast-function-type-strict -O2 -I../../../../src/include -I/opt/homebrew/Cellar/icu4c@77/77.1/include   -isysroot /Library/Developer/CommandLineTools/SDKs/MacOSX15.2.sdk   -I/opt/homebrew/opt/icu4c@77/include  -c -o allpaths.o allpaths.c
gcc -Wall -Wmissing-prototypes -Wpointer-arith -Wdeclaration-after-statement -Werror=vla -Werror=unguarded-availability-new -Wendif-labels -Wmissing-format-attribute -Wcast-function-type -Wformat-security -Wmissing-variable-declarations -fno-strict-aliasing -fwrapv -fexcess-precision=standard -Wno-unused-command-line-argument -Wno-compound-token-split-by-macro -Wno-cast-function-type-strict -O2 -I../../../src/include -I/opt/homebrew/Cellar/icu4c@77/77.1/include   -isysroot /Library/Developer/CommandLineTools/SDKs/MacOSX15.2.sdk   -I/opt/homebrew/opt/icu4c@77/include  -c -o auth-sasl.o auth-sasl.c
( echo src/backend/main/main.o ) >objfiles.txt
gcc -Wall -Wmissing-prototypes -Wpointer-arith -Wdeclaration-after-statement -Werror=vla -Werror=unguarded-availability-new -Wendif-labels -Wmissing-format-attribute -Wcast-function-type -Wformat-security -Wmissing-variable-declarations -fno-strict-aliasing -fwrapv -fexcess-precision=standard -Wno-unused-command-line-argument -Wno-compound-token-split-by-macro -Wno-cast-function-type-strict -O2 -I../../../src/include -I/opt/homebrew/Cellar/icu4c@77/77.1/include   -isysroot /Library/Developer/CommandLineTools/SDKs/MacOSX15.2.sdk   -I/opt/homebrew/opt/icu4c@77/include  -c -o partdesc.o partdesc.c
gcc -Wall -Wmissing-prototypes -Wpointer-arith -Wdeclaration-after-statement -Werror=vla -Werror=unguarded-availability-new -Wendif-labels -Wmissing-format-attribute -Wcast-function-type -Wformat-security -Wmissing-variable-declarations -fno-strict-aliasing -fwrapv -fexcess-precision=standard -Wno-unused-command-line-argument -Wno-compound-token-split-by-macro -Wno-cast-function-type-strict -O2 -I. -I. -I../../../src/include -I/opt/homebrew/Cellar/icu4c@77/77.1/include   -isysroot /Library/Developer/CommandLineTools/SDKs/MacOSX15.2.sdk   -I/opt/homebrew/opt/icu4c@77/include  -c -o copyfuncs.o copyfuncs.c
gcc -Wall -Wmissing-prototypes -Wpointer-arith -Wdeclaration-after-statement -Werror=vla -Werror=unguarded-availability-new -Wendif-labels -Wmissing-format-attribute -Wcast-function-type -Wformat-security -Wmissing-variable-declarations -fno-strict-aliasing -fwrapv -fexcess-precision=standard -Wno-unused-command-line-argument -Wno-compound-token-split-by-macro -Wno-cast-function-type-strict -O2 -I../../../../src/include -I/opt/homebrew/Cellar/icu4c@77/77.1/include   -isysroot /Library/Developer/CommandLineTools/SDKs/MacOSX15.2.sdk   -I/opt/homebrew/opt/icu4c@77/include  -c -o geqo_erx.o geqo_erx.c
gcc -Wall -Wmissing-prototypes -Wpointer-arith -Wdeclaration-after-statement -Werror=vla -Werror=unguarded-availability-new -Wendif-labels -Wmissing-format-attribute -Wcast-function-type -Wformat-security -Wmissing-variable-declarations -fno-strict-aliasing -fwrapv -fexcess-precision=standard -Wno-unused-command-line-argument -Wno-compound-token-split-by-macro -Wno-cast-function-type-strict -O2 -I../../../src/include -I/opt/homebrew/Cellar/icu4c@77/77.1/include   -isysroot /Library/Developer/CommandLineTools/SDKs/MacOSX15.2.sdk   -I/opt/homebrew/opt/icu4c@77/include  -c -o pg_shmem.o pg_shmem.c
gcc -Wall -Wmissing-prototypes -Wpointer-arith -Wdeclaration-after-statement -Werror=vla -Werror=unguarded-availability-new -Wendif-labels -Wmissing-format-attribute -Wcast-function-type -Wformat-security -Wmissing-variable-declarations -fno-strict-aliasing -fwrapv -fexcess-precision=standard -Wno-unused-command-line-argument -Wno-compound-token-split-by-macro -Wno-cast-function-type-strict -O2 -I../../../../src/include -I/opt/homebrew/Cellar/icu4c@77/77.1/include   -isysroot /Library/Developer/CommandLineTools/SDKs/MacOSX15.2.sdk   -I/opt/homebrew/opt/icu4c@77/include  -c -o detoast.o detoast.c
gcc -Wall -Wmissing-prototypes -Wpointer-arith -Wdeclaration-after-statement -Werror=vla -Werror=unguarded-availability-new -Wendif-labels -Wmissing-format-attribute -Wcast-function-type -Wformat-security -Wmissing-variable-declarations -fno-strict-aliasing -fwrapv -fexcess-precision=standard -Wno-unused-command-line-argument -Wno-compound-token-split-by-macro -Wno-cast-function-type-strict -O2 -I../../../src/include -I/opt/homebrew/Cellar/icu4c@77/77.1/include   -isysroot /Library/Developer/CommandLineTools/SDKs/MacOSX15.2.sdk   -I/opt/homebrew/opt/icu4c@77/include  -c -o auth-scram.o auth-scram.c
/Library/Developer/CommandLineTools/usr/bin/make -C postmaster all
gcc -Wall -Wmissing-prototypes -Wpointer-arith -Wdeclaration-after-statement -Werror=vla -Werror=unguarded-availability-new -Wendif-labels -Wmissing-format-attribute -Wcast-function-type -Wformat-security -Wmissing-variable-declarations -fno-strict-aliasing -fwrapv -fexcess-precision=standard -Wno-unused-command-line-argument -Wno-compound-token-split-by-macro -Wno-cast-function-type-strict -O2 -I../../../../src/include -I/opt/homebrew/Cellar/icu4c@77/77.1/include   -isysroot /Library/Developer/CommandLineTools/SDKs/MacOSX15.2.sdk   -I/opt/homebrew/opt/icu4c@77/include  -c -o geqo_eval.o geqo_eval.c
gcc -Wall -Wmissing-prototypes -Wpointer-arith -Wdeclaration-after-statement -Werror=vla -Werror=unguarded-availability-new -Wendif-labels -Wmissing-format-attribute -Wcast-function-type -Wformat-security -Wmissing-variable-declarations -fno-strict-aliasing -fwrapv -fexcess-precision=standard -Wno-unused-command-line-argument -Wno-compound-token-split-by-macro -Wno-cast-function-type-strict -O2 -I../../../src/include -I/opt/homebrew/Cellar/icu4c@77/77.1/include   -isysroot /Library/Developer/CommandLineTools/SDKs/MacOSX15.2.sdk   -I/opt/homebrew/opt/icu4c@77/include  -c -o autovacuum.o autovacuum.c
gcc -Wall -Wmissing-prototypes -Wpointer-arith -Wdeclaration-after-statement -Werror=vla -Werror=unguarded-availability-new -Wendif-labels -Wmissing-format-attribute -Wcast-function-type -Wformat-security -Wmissing-variable-declarations -fno-strict-aliasing -fwrapv -fexcess-precision=standard -Wno-unused-command-line-argument -Wno-compound-token-split-by-macro -Wno-cast-function-type-strict -O2 -I../../../../src/include -I/opt/homebrew/Cellar/icu4c@77/77.1/include   -isysroot /Library/Developer/CommandLineTools/SDKs/MacOSX15.2.sdk   -I/opt/homebrew/opt/icu4c@77/include  -c -o heaptuple.o heaptuple.c
( echo src/backend/port/atomics.o src/backend/port/pg_sema.o src/backend/port/pg_shmem.o ) >objfiles.txt
/Library/Developer/CommandLineTools/usr/bin/make -C regex all
gcc -Wall -Wmissing-prototypes -Wpointer-arith -Wdeclaration-after-statement -Werror=vla -Werror=unguarded-availability-new -Wendif-labels -Wmissing-format-attribute -Wcast-function-type -Wformat-security -Wmissing-variable-declarations -fno-strict-aliasing -fwrapv -fexcess-precision=standard -Wno-unused-command-line-argument -Wno-compound-token-split-by-macro -Wno-cast-function-type-strict -O2 -I../../../src/include -I/opt/homebrew/Cellar/icu4c@77/77.1/include   -isysroot /Library/Developer/CommandLineTools/SDKs/MacOSX15.2.sdk   -I/opt/homebrew/opt/icu4c@77/include  -c -o regcomp.o regcomp.c
gcc -Wall -Wmissing-prototypes -Wpointer-arith -Wdeclaration-after-statement -Werror=vla -Werror=unguarded-availability-new -Wendif-labels -Wmissing-format-attribute -Wcast-function-type -Wformat-security -Wmissing-variable-declarations -fno-strict-aliasing -fwrapv -fexcess-precision=standard -Wno-unused-command-line-argument -Wno-compound-token-split-by-macro -Wno-cast-function-type-strict -O2 -I../../../src/include -I/opt/homebrew/Cellar/icu4c@77/77.1/include   -isysroot /Library/Developer/CommandLineTools/SDKs/MacOSX15.2.sdk   -I/opt/homebrew/opt/icu4c@77/include  -c -o auth.o auth.c
gcc -Wall -Wmissing-prototypes -Wpointer-arith -Wdeclaration-after-statement -Werror=vla -Werror=unguarded-availability-new -Wendif-labels -Wmissing-format-attribute -Wcast-function-type -Wformat-security -Wmissing-variable-declarations -fno-strict-aliasing -fwrapv -fexcess-precision=standard -Wno-unused-command-line-argument -Wno-compound-token-split-by-macro -Wno-cast-function-type-strict -O2 -I../../../../src/include -I/opt/homebrew/Cellar/icu4c@77/77.1/include   -isysroot /Library/Developer/CommandLineTools/SDKs/MacOSX15.2.sdk   -I/opt/homebrew/opt/icu4c@77/include  -c -o geqo_main.o geqo_main.c
gcc -Wall -Wmissing-prototypes -Wpointer-arith -Wdeclaration-after-statement -Werror=vla -Werror=unguarded-availability-new -Wendif-labels -Wmissing-format-attribute -Wcast-function-type -Wformat-security -Wmissing-variable-declarations -fno-strict-aliasing -fwrapv -fexcess-precision=standard -Wno-unused-command-line-argument -Wno-compound-token-split-by-macro -Wno-cast-function-type-strict -O2 -I../../../../src/include -I/opt/homebrew/Cellar/icu4c@77/77.1/include   -isysroot /Library/Developer/CommandLineTools/SDKs/MacOSX15.2.sdk   -I/opt/homebrew/opt/icu4c@77/include  -c -o clausesel.o clausesel.c
gcc -Wall -Wmissing-prototypes -Wpointer-arith -Wdeclaration-after-statement -Werror=vla -Werror=unguarded-availability-new -Wendif-labels -Wmissing-format-attribute -Wcast-function-type -Wformat-security -Wmissing-variable-declarations -fno-strict-aliasing -fwrapv -fexcess-precision=standard -Wno-unused-command-line-argument -Wno-compound-token-split-by-macro -Wno-cast-function-type-strict -O2 -I../../../../src/include -I/opt/homebrew/Cellar/icu4c@77/77.1/include   -isysroot /Library/Developer/CommandLineTools/SDKs/MacOSX15.2.sdk   -I/opt/homebrew/opt/icu4c@77/include  -c -o geqo_misc.o geqo_misc.c
gcc -Wall -Wmissing-prototypes -Wpointer-arith -Wdeclaration-after-statement -Werror=vla -Werror=unguarded-availability-new -Wendif-labels -Wmissing-format-attribute -Wcast-function-type -Wformat-security -Wmissing-variable-declarations -fno-strict-aliasing -fwrapv -fexcess-precision=standard -Wno-unused-command-line-argument -Wno-compound-token-split-by-macro -Wno-cast-function-type-strict -O2 -I../../../src/include -I/opt/homebrew/Cellar/icu4c@77/77.1/include   -isysroot /Library/Developer/CommandLineTools/SDKs/MacOSX15.2.sdk   -I/opt/homebrew/opt/icu4c@77/include  -c -o partprune.o partprune.c
gcc -Wall -Wmissing-prototypes -Wpointer-arith -Wdeclaration-after-statement -Werror=vla -Werror=unguarded-availability-new -Wendif-labels -Wmissing-format-attribute -Wcast-function-type -Wformat-security -Wmissing-variable-declarations -fno-strict-aliasing -fwrapv -fexcess-precision=standard -Wno-unused-command-line-argument -Wno-compound-token-split-by-macro -Wno-cast-function-type-strict -O2 -I../../../../src/include -I/opt/homebrew/Cellar/icu4c@77/77.1/include   -isysroot /Library/Developer/CommandLineTools/SDKs/MacOSX15.2.sdk   -I/opt/homebrew/opt/icu4c@77/include  -c -o indextuple.o indextuple.c
gcc -Wall -Wmissing-prototypes -Wpointer-arith -Wdeclaration-after-statement -Werror=vla -Werror=unguarded-availability-new -Wendif-labels -Wmissing-format-attribute -Wcast-function-type -Wformat-security -Wmissing-variable-declarations -fno-strict-aliasing -fwrapv -fexcess-precision=standard -Wno-unused-command-line-argument -Wno-compound-token-split-by-macro -Wno-cast-function-type-strict -O2 -I../../../../src/include -I/opt/homebrew/Cellar/icu4c@77/77.1/include   -isysroot /Library/Developer/CommandLineTools/SDKs/MacOSX15.2.sdk   -I/opt/homebrew/opt/icu4c@77/include  -c -o costsize.o costsize.c
gcc -Wall -Wmissing-prototypes -Wpointer-arith -Wdeclaration-after-statement -Werror=vla -Werror=unguarded-availability-new -Wendif-labels -Wmissing-format-attribute -Wcast-function-type -Wformat-security -Wmissing-variable-declarations -fno-strict-aliasing -fwrapv -fexcess-precision=standard -Wno-unused-command-line-argument -Wno-compound-token-split-by-macro -Wno-cast-function-type-strict -O2 -I../../../src/include -I/opt/homebrew/Cellar/icu4c@77/77.1/include   -isysroot /Library/Developer/CommandLineTools/SDKs/MacOSX15.2.sdk   -I/opt/homebrew/opt/icu4c@77/include  -c -o auxprocess.o auxprocess.c
gcc -Wall -Wmissing-prototypes -Wpointer-arith -Wdeclaration-after-statement -Werror=vla -Werror=unguarded-availability-new -Wendif-labels -Wmissing-format-attribute -Wcast-function-type -Wformat-security -Wmissing-variable-declarations -fno-strict-aliasing -fwrapv -fexcess-precision=standard -Wno-unused-command-line-argument -Wno-compound-token-split-by-macro -Wno-cast-function-type-strict -O2 -I../../../../src/include -I/opt/homebrew/Cellar/icu4c@77/77.1/include   -isysroot /Library/Developer/CommandLineTools/SDKs/MacOSX15.2.sdk   -I/opt/homebrew/opt/icu4c@77/include  -c -o geqo_mutation.o geqo_mutation.c
gcc -Wall -Wmissing-prototypes -Wpointer-arith -Wdeclaration-after-statement -Werror=vla -Werror=unguarded-availability-new -Wendif-labels -Wmissing-format-attribute -Wcast-function-type -Wformat-security -Wmissing-variable-declarations -fno-strict-aliasing -fwrapv -fexcess-precision=standard -Wno-unused-command-line-argument -Wno-compound-token-split-by-macro -Wno-cast-function-type-strict -O2 -I. -I. -I../../../src/include -I/opt/homebrew/Cellar/icu4c@77/77.1/include   -isysroot /Library/Developer/CommandLineTools/SDKs/MacOSX15.2.sdk   -I/opt/homebrew/opt/icu4c@77/include  -c -o equalfuncs.o equalfuncs.c
gcc -Wall -Wmissing-prototypes -Wpointer-arith -Wdeclaration-after-statement -Werror=vla -Werror=unguarded-availability-new -Wendif-labels -Wmissing-format-attribute -Wcast-function-type -Wformat-security -Wmissing-variable-declarations -fno-strict-aliasing -fwrapv -fexcess-precision=standard -Wno-unused-command-line-argument -Wno-compound-token-split-by-macro -Wno-cast-function-type-strict -O2 -I../../../src/include -I/opt/homebrew/Cellar/icu4c@77/77.1/include   -isysroot /Library/Developer/CommandLineTools/SDKs/MacOSX15.2.sdk   -I/opt/homebrew/opt/icu4c@77/include  -c -o be-fsstubs.o be-fsstubs.c
gcc -Wall -Wmissing-prototypes -Wpointer-arith -Wdeclaration-after-statement -Werror=vla -Werror=unguarded-availability-new -Wendif-labels -Wmissing-format-attribute -Wcast-function-type -Wformat-security -Wmissing-variable-declarations -fno-strict-aliasing -fwrapv -fexcess-precision=standard -Wno-unused-command-line-argument -Wno-compound-token-split-by-macro -Wno-cast-function-type-strict -O2 -I../../../../src/include -I/opt/homebrew/Cellar/icu4c@77/77.1/include   -isysroot /Library/Developer/CommandLineTools/SDKs/MacOSX15.2.sdk   -I/opt/homebrew/opt/icu4c@77/include  -c -o printsimple.o printsimple.c
gcc -Wall -Wmissing-prototypes -Wpointer-arith -Wdeclaration-after-statement -Werror=vla -Werror=unguarded-availability-new -Wendif-labels -Wmissing-format-attribute -Wcast-function-type -Wformat-security -Wmissing-variable-declarations -fno-strict-aliasing -fwrapv -fexcess-precision=standard -Wno-unused-command-line-argument -Wno-compound-token-split-by-macro -Wno-cast-function-type-strict -O2 -I../../../../src/include -I/opt/homebrew/Cellar/icu4c@77/77.1/include   -isysroot /Library/Developer/CommandLineTools/SDKs/MacOSX15.2.sdk   -I/opt/homebrew/opt/icu4c@77/include  -c -o geqo_ox1.o geqo_ox1.c
gcc -Wall -Wmissing-prototypes -Wpointer-arith -Wdeclaration-after-statement -Werror=vla -Werror=unguarded-availability-new -Wendif-labels -Wmissing-format-attribute -Wcast-function-type -Wformat-security -Wmissing-variable-declarations -fno-strict-aliasing -fwrapv -fexcess-precision=standard -Wno-unused-command-line-argument -Wno-compound-token-split-by-macro -Wno-cast-function-type-strict -O2 -I../../../src/include -I/opt/homebrew/Cellar/icu4c@77/77.1/include   -isysroot /Library/Developer/CommandLineTools/SDKs/MacOSX15.2.sdk   -I/opt/homebrew/opt/icu4c@77/include  -c -o bgworker.o bgworker.c
gcc -Wall -Wmissing-prototypes -Wpointer-arith -Wdeclaration-after-statement -Werror=vla -Werror=unguarded-availability-new -Wendif-labels -Wmissing-format-attribute -Wcast-function-type -Wformat-security -Wmissing-variable-declarations -fno-strict-aliasing -fwrapv -fexcess-precision=standard -Wno-unused-command-line-argument -Wno-compound-token-split-by-macro -Wno-cast-function-type-strict -O2 -I../../../src/include -I/opt/homebrew/Cellar/icu4c@77/77.1/include   -isysroot /Library/Developer/CommandLineTools/SDKs/MacOSX15.2.sdk   -I/opt/homebrew/opt/icu4c@77/include  -c -o be-secure-common.o be-secure-common.c
gcc -Wall -Wmissing-prototypes -Wpointer-arith -Wdeclaration-after-statement -Werror=vla -Werror=unguarded-availability-new -Wendif-labels -Wmissing-format-attribute -Wcast-function-type -Wformat-security -Wmissing-variable-declarations -fno-strict-aliasing -fwrapv -fexcess-precision=standard -Wno-unused-command-line-argument -Wno-compound-token-split-by-macro -Wno-cast-function-type-strict -O2 -I../../../../src/include -I/opt/homebrew/Cellar/icu4c@77/77.1/include   -isysroot /Library/Developer/CommandLineTools/SDKs/MacOSX15.2.sdk   -I/opt/homebrew/opt/icu4c@77/include  -c -o geqo_ox2.o geqo_ox2.c
gcc -Wall -Wmissing-prototypes -Wpointer-arith -Wdeclaration-after-statement -Werror=vla -Werror=unguarded-availability-new -Wendif-labels -Wmissing-format-attribute -Wcast-function-type -Wformat-security -Wmissing-variable-declarations -fno-strict-aliasing -fwrapv -fexcess-precision=standard -Wno-unused-command-line-argument -Wno-compound-token-split-by-macro -Wno-cast-function-type-strict -O2 -I../../../../src/include -I/opt/homebrew/Cellar/icu4c@77/77.1/include   -isysroot /Library/Developer/CommandLineTools/SDKs/MacOSX15.2.sdk   -I/opt/homebrew/opt/icu4c@77/include  -c -o printtup.o printtup.c
gcc -Wall -Wmissing-prototypes -Wpointer-arith -Wdeclaration-after-statement -Werror=vla -Werror=unguarded-availability-new -Wendif-labels -Wmissing-format-attribute -Wcast-function-type -Wformat-security -Wmissing-variable-declarations -fno-strict-aliasing -fwrapv -fexcess-precision=standard -Wno-unused-command-line-argument -Wno-compound-token-split-by-macro -Wno-cast-function-type-strict -O2 -I../../../../src/include -I/opt/homebrew/Cellar/icu4c@77/77.1/include   -isysroot /Library/Developer/CommandLineTools/SDKs/MacOSX15.2.sdk   -I/opt/homebrew/opt/icu4c@77/include  -c -o geqo_pmx.o geqo_pmx.c
gcc -Wall -Wmissing-prototypes -Wpointer-arith -Wdeclaration-after-statement -Werror=vla -Werror=unguarded-availability-new -Wendif-labels -Wmissing-format-attribute -Wcast-function-type -Wformat-security -Wmissing-variable-declarations -fno-strict-aliasing -fwrapv -fexcess-precision=standard -Wno-unused-command-line-argument -Wno-compound-token-split-by-macro -Wno-cast-function-type-strict -O2 -I../../../src/include -I/opt/homebrew/Cellar/icu4c@77/77.1/include   -isysroot /Library/Developer/CommandLineTools/SDKs/MacOSX15.2.sdk   -I/opt/homebrew/opt/icu4c@77/include  -c -o be-secure.o be-secure.c
gcc -Wall -Wmissing-prototypes -Wpointer-arith -Wdeclaration-after-statement -Werror=vla -Werror=unguarded-availability-new -Wendif-labels -Wmissing-format-attribute -Wcast-function-type -Wformat-security -Wmissing-variable-declarations -fno-strict-aliasing -fwrapv -fexcess-precision=standard -Wno-unused-command-line-argument -Wno-compound-token-split-by-macro -Wno-cast-function-type-strict -O2 -I../../../../src/include -I/opt/homebrew/Cellar/icu4c@77/77.1/include   -isysroot /Library/Developer/CommandLineTools/SDKs/MacOSX15.2.sdk   -I/opt/homebrew/opt/icu4c@77/include  -c -o geqo_pool.o geqo_pool.c
( echo src/backend/partitioning/partbounds.o src/backend/partitioning/partdesc.o src/backend/partitioning/partprune.o ) >objfiles.txt
/Library/Developer/CommandLineTools/usr/bin/make -C plan all
gcc -Wall -Wmissing-prototypes -Wpointer-arith -Wdeclaration-after-statement -Werror=vla -Werror=unguarded-availability-new -Wendif-labels -Wmissing-format-attribute -Wcast-function-type -Wformat-security -Wmissing-variable-declarations -fno-strict-aliasing -fwrapv -fexcess-precision=standard -Wno-unused-command-line-argument -Wno-compound-token-split-by-macro -Wno-cast-function-type-strict -O2 -I../../../../src/include -I/opt/homebrew/Cellar/icu4c@77/77.1/include   -isysroot /Library/Developer/CommandLineTools/SDKs/MacOSX15.2.sdk   -I/opt/homebrew/opt/icu4c@77/include  -c -o relation.o relation.c
gcc -Wall -Wmissing-prototypes -Wpointer-arith -Wdeclaration-after-statement -Werror=vla -Werror=unguarded-availability-new -Wendif-labels -Wmissing-format-attribute -Wcast-function-type -Wformat-security -Wmissing-variable-declarations -fno-strict-aliasing -fwrapv -fexcess-precision=standard -Wno-unused-command-line-argument -Wno-compound-token-split-by-macro -Wno-cast-function-type-strict -O2 -I../../../../src/include -I/opt/homebrew/Cellar/icu4c@77/77.1/include   -isysroot /Library/Developer/CommandLineTools/SDKs/MacOSX15.2.sdk   -I/opt/homebrew/opt/icu4c@77/include  -c -o analyzejoins.o analyzejoins.c
gcc -Wall -Wmissing-prototypes -Wpointer-arith -Wdeclaration-after-statement -Werror=vla -Werror=unguarded-availability-new -Wendif-labels -Wmissing-format-attribute -Wcast-function-type -Wformat-security -Wmissing-variable-declarations -fno-strict-aliasing -fwrapv -fexcess-precision=standard -Wno-unused-command-line-argument -Wno-compound-token-split-by-macro -Wno-cast-function-type-strict -O2 -I../../../src/include -I/opt/homebrew/Cellar/icu4c@77/77.1/include   -isysroot /Library/Developer/CommandLineTools/SDKs/MacOSX15.2.sdk   -I/opt/homebrew/opt/icu4c@77/include  -c -o crypt.o crypt.c
gcc -Wall -Wmissing-prototypes -Wpointer-arith -Wdeclaration-after-statement -Werror=vla -Werror=unguarded-availability-new -Wendif-labels -Wmissing-format-attribute -Wcast-function-type -Wformat-security -Wmissing-variable-declarations -fno-strict-aliasing -fwrapv -fexcess-precision=standard -Wno-unused-command-line-argument -Wno-compound-token-split-by-macro -Wno-cast-function-type-strict -O2 -I../../../../src/include -I/opt/homebrew/Cellar/icu4c@77/77.1/include   -isysroot /Library/Developer/CommandLineTools/SDKs/MacOSX15.2.sdk   -I/opt/homebrew/opt/icu4c@77/include  -c -o equivclass.o equivclass.c
gcc -Wall -Wmissing-prototypes -Wpointer-arith -Wdeclaration-after-statement -Werror=vla -Werror=unguarded-availability-new -Wendif-labels -Wmissing-format-attribute -Wcast-function-type -Wformat-security -Wmissing-variable-declarations -fno-strict-aliasing -fwrapv -fexcess-precision=standard -Wno-unused-command-line-argument -Wno-compound-token-split-by-macro -Wno-cast-function-type-strict -O2 -I../../../src/include -I/opt/homebrew/Cellar/icu4c@77/77.1/include   -isysroot /Library/Developer/CommandLineTools/SDKs/MacOSX15.2.sdk   -I/opt/homebrew/opt/icu4c@77/include  -c -o bgwriter.o bgwriter.c
gcc -Wall -Wmissing-prototypes -Wpointer-arith -Wdeclaration-after-statement -Werror=vla -Werror=unguarded-availability-new -Wendif-labels -Wmissing-format-attribute -Wcast-function-type -Wformat-security -Wmissing-variable-declarations -fno-strict-aliasing -fwrapv -fexcess-precision=standard -Wno-unused-command-line-argument -Wno-compound-token-split-by-macro -Wno-cast-function-type-strict -O2 -I../../../../src/include -I/opt/homebrew/Cellar/icu4c@77/77.1/include   -isysroot /Library/Developer/CommandLineTools/SDKs/MacOSX15.2.sdk   -I/opt/homebrew/opt/icu4c@77/include  -c -o geqo_px.o geqo_px.c
gcc -Wall -Wmissing-prototypes -Wpointer-arith -Wdeclaration-after-statement -Werror=vla -Werror=unguarded-availability-new -Wendif-labels -Wmissing-format-attribute -Wcast-function-type -Wformat-security -Wmissing-variable-declarations -fno-strict-aliasing -fwrapv -fexcess-precision=standard -Wno-unused-command-line-argument -Wno-compound-token-split-by-macro -Wno-cast-function-type-strict -O2 -I../../../../src/include -I/opt/homebrew/Cellar/icu4c@77/77.1/include   -isysroot /Library/Developer/CommandLineTools/SDKs/MacOSX15.2.sdk   -I/opt/homebrew/opt/icu4c@77/include  -c -o reloptions.o reloptions.c
gcc -Wall -Wmissing-prototypes -Wpointer-arith -Wdeclaration-after-statement -Werror=vla -Werror=unguarded-availability-new -Wendif-labels -Wmissing-format-attribute -Wcast-function-type -Wformat-security -Wmissing-variable-declarations -fno-strict-aliasing -fwrapv -fexcess-precision=standard -Wno-unused-command-line-argument -Wno-compound-token-split-by-macro -Wno-cast-function-type-strict -O2 -I../../../src/include -I/opt/homebrew/Cellar/icu4c@77/77.1/include   -isysroot /Library/Developer/CommandLineTools/SDKs/MacOSX15.2.sdk   -I/opt/homebrew/opt/icu4c@77/include  -c -o hba.o hba.c
gcc -Wall -Wmissing-prototypes -Wpointer-arith -Wdeclaration-after-statement -Werror=vla -Werror=unguarded-availability-new -Wendif-labels -Wmissing-format-attribute -Wcast-function-type -Wformat-security -Wmissing-variable-declarations -fno-strict-aliasing -fwrapv -fexcess-precision=standard -Wno-unused-command-line-argument -Wno-compound-token-split-by-macro -Wno-cast-function-type-strict -O2 -I../../../src/include -I/opt/homebrew/Cellar/icu4c@77/77.1/include   -isysroot /Library/Developer/CommandLineTools/SDKs/MacOSX15.2.sdk   -I/opt/homebrew/opt/icu4c@77/include  -c -o checkpointer.o checkpointer.c
gcc -Wall -Wmissing-prototypes -Wpointer-arith -Wdeclaration-after-statement -Werror=vla -Werror=unguarded-availability-new -Wendif-labels -Wmissing-format-attribute -Wcast-function-type -Wformat-security -Wmissing-variable-declarations -fno-strict-aliasing -fwrapv -fexcess-precision=standard -Wno-unused-command-line-argument -Wno-compound-token-split-by-macro -Wno-cast-function-type-strict -O2 -I. -I. -I../../../src/include -I/opt/homebrew/Cellar/icu4c@77/77.1/include   -isysroot /Library/Developer/CommandLineTools/SDKs/MacOSX15.2.sdk   -I/opt/homebrew/opt/icu4c@77/include  -c -o extensible.o extensible.c
gcc -Wall -Wmissing-prototypes -Wpointer-arith -Wdeclaration-after-statement -Werror=vla -Werror=unguarded-availability-new -Wendif-labels -Wmissing-format-attribute -Wcast-function-type -Wformat-security -Wmissing-variable-declarations -fno-strict-aliasing -fwrapv -fexcess-precision=standard -Wno-unused-command-line-argument -Wno-compound-token-split-by-macro -Wno-cast-function-type-strict -O2 -I../../../../src/include -I/opt/homebrew/Cellar/icu4c@77/77.1/include   -isysroot /Library/Developer/CommandLineTools/SDKs/MacOSX15.2.sdk   -I/opt/homebrew/opt/icu4c@77/include  -c -o geqo_random.o geqo_random.c
gcc -Wall -Wmissing-prototypes -Wpointer-arith -Wdeclaration-after-statement -Werror=vla -Werror=unguarded-availability-new -Wendif-labels -Wmissing-format-attribute -Wcast-function-type -Wformat-security -Wmissing-variable-declarations -fno-strict-aliasing -fwrapv -fexcess-precision=standard -Wno-unused-command-line-argument -Wno-compound-token-split-by-macro -Wno-cast-function-type-strict -O2 -I../../../../src/include -I/opt/homebrew/Cellar/icu4c@77/77.1/include   -isysroot /Library/Developer/CommandLineTools/SDKs/MacOSX15.2.sdk   -I/opt/homebrew/opt/icu4c@77/include  -c -o createplan.o createplan.c
gcc -Wall -Wmissing-prototypes -Wpointer-arith -Wdeclaration-after-statement -Werror=vla -Werror=unguarded-availability-new -Wendif-labels -Wmissing-format-attribute -Wcast-function-type -Wformat-security -Wmissing-variable-declarations -fno-strict-aliasing -fwrapv -fexcess-precision=standard -Wno-unused-command-line-argument -Wno-compound-token-split-by-macro -Wno-cast-function-type-strict -O2 -I../../../src/include -I/opt/homebrew/Cellar/icu4c@77/77.1/include   -isysroot /Library/Developer/CommandLineTools/SDKs/MacOSX15.2.sdk   -I/opt/homebrew/opt/icu4c@77/include  -c -o fork_process.o fork_process.c
gcc -Wall -Wmissing-prototypes -Wpointer-arith -Wdeclaration-after-statement -Werror=vla -Werror=unguarded-availability-new -Wendif-labels -Wmissing-format-attribute -Wcast-function-type -Wformat-security -Wmissing-variable-declarations -fno-strict-aliasing -fwrapv -fexcess-precision=standard -Wno-unused-command-line-argument -Wno-compound-token-split-by-macro -Wno-cast-function-type-strict -O2 -I. -I. -I../../../src/include -I/opt/homebrew/Cellar/icu4c@77/77.1/include   -isysroot /Library/Developer/CommandLineTools/SDKs/MacOSX15.2.sdk   -I/opt/homebrew/opt/icu4c@77/include  -c -o list.o list.c
gcc -Wall -Wmissing-prototypes -Wpointer-arith -Wdeclaration-after-statement -Werror=vla -Werror=unguarded-availability-new -Wendif-labels -Wmissing-format-attribute -Wcast-function-type -Wformat-security -Wmissing-variable-declarations -fno-strict-aliasing -fwrapv -fexcess-precision=standard -Wno-unused-command-line-argument -Wno-compound-token-split-by-macro -Wno-cast-function-type-strict -O2 -I../../../../src/include -I/opt/homebrew/Cellar/icu4c@77/77.1/include   -isysroot /Library/Developer/CommandLineTools/SDKs/MacOSX15.2.sdk   -I/opt/homebrew/opt/icu4c@77/include  -c -o geqo_recombination.o geqo_recombination.c
gcc -Wall -Wmissing-prototypes -Wpointer-arith -Wdeclaration-after-statement -Werror=vla -Werror=unguarded-availability-new -Wendif-labels -Wmissing-format-attribute -Wcast-function-type -Wformat-security -Wmissing-variable-declarations -fno-strict-aliasing -fwrapv -fexcess-precision=standard -Wno-unused-command-line-argument -Wno-compound-token-split-by-macro -Wno-cast-function-type-strict -O2 -I../../../../src/include -I/opt/homebrew/Cellar/icu4c@77/77.1/include   -isysroot /Library/Developer/CommandLineTools/SDKs/MacOSX15.2.sdk   -I/opt/homebrew/opt/icu4c@77/include  -c -o scankey.o scankey.c
gcc -Wall -Wmissing-prototypes -Wpointer-arith -Wdeclaration-after-statement -Werror=vla -Werror=unguarded-availability-new -Wendif-labels -Wmissing-format-attribute -Wcast-function-type -Wformat-security -Wmissing-variable-declarations -fno-strict-aliasing -fwrapv -fexcess-precision=standard -Wno-unused-command-line-argument -Wno-compound-token-split-by-macro -Wno-cast-function-type-strict -O2 -I../../../../src/include -I/opt/homebrew/Cellar/icu4c@77/77.1/include   -isysroot /Library/Developer/CommandLineTools/SDKs/MacOSX15.2.sdk   -I/opt/homebrew/opt/icu4c@77/include  -c -o indxpath.o indxpath.c
gcc -Wall -Wmissing-prototypes -Wpointer-arith -Wdeclaration-after-statement -Werror=vla -Werror=unguarded-availability-new -Wendif-labels -Wmissing-format-attribute -Wcast-function-type -Wformat-security -Wmissing-variable-declarations -fno-strict-aliasing -fwrapv -fexcess-precision=standard -Wno-unused-command-line-argument -Wno-compound-token-split-by-macro -Wno-cast-function-type-strict -O2 -I../../../src/include -I/opt/homebrew/Cellar/icu4c@77/77.1/include   -isysroot /Library/Developer/CommandLineTools/SDKs/MacOSX15.2.sdk   -I/opt/homebrew/opt/icu4c@77/include  -c -o interrupt.o interrupt.c
gcc -Wall -Wmissing-prototypes -Wpointer-arith -Wdeclaration-after-statement -Werror=vla -Werror=unguarded-availability-new -Wendif-labels -Wmissing-format-attribute -Wcast-function-type -Wformat-security -Wmissing-variable-declarations -fno-strict-aliasing -fwrapv -fexcess-precision=standard -Wno-unused-command-line-argument -Wno-compound-token-split-by-macro -Wno-cast-function-type-strict -O2 -I../../../../src/include -I/opt/homebrew/Cellar/icu4c@77/77.1/include   -isysroot /Library/Developer/CommandLineTools/SDKs/MacOSX15.2.sdk   -I/opt/homebrew/opt/icu4c@77/include  -c -o geqo_selection.o geqo_selection.c
gcc -Wall -Wmissing-prototypes -Wpointer-arith -Wdeclaration-after-statement -Werror=vla -Werror=unguarded-availability-new -Wendif-labels -Wmissing-format-attribute -Wcast-function-type -Wformat-security -Wmissing-variable-declarations -fno-strict-aliasing -fwrapv -fexcess-precision=standard -Wno-unused-command-line-argument -Wno-compound-token-split-by-macro -Wno-cast-function-type-strict -O2 -I../../../../src/include -I/opt/homebrew/Cellar/icu4c@77/77.1/include   -isysroot /Library/Developer/CommandLineTools/SDKs/MacOSX15.2.sdk   -I/opt/homebrew/opt/icu4c@77/include  -c -o session.o session.c
gcc -Wall -Wmissing-prototypes -Wpointer-arith -Wdeclaration-after-statement -Werror=vla -Werror=unguarded-availability-new -Wendif-labels -Wmissing-format-attribute -Wcast-function-type -Wformat-security -Wmissing-variable-declarations -fno-strict-aliasing -fwrapv -fexcess-precision=standard -Wno-unused-command-line-argument -Wno-compound-token-split-by-macro -Wno-cast-function-type-strict -O2 -I../../../src/include -I/opt/homebrew/Cellar/icu4c@77/77.1/include   -isysroot /Library/Developer/CommandLineTools/SDKs/MacOSX15.2.sdk   -I/opt/homebrew/opt/icu4c@77/include  -c -o ifaddr.o ifaddr.c
gcc -Wall -Wmissing-prototypes -Wpointer-arith -Wdeclaration-after-statement -Werror=vla -Werror=unguarded-availability-new -Wendif-labels -Wmissing-format-attribute -Wcast-function-type -Wformat-security -Wmissing-variable-declarations -fno-strict-aliasing -fwrapv -fexcess-precision=standard -Wno-unused-command-line-argument -Wno-compound-token-split-by-macro -Wno-cast-function-type-strict -O2 -I../../../src/include -I/opt/homebrew/Cellar/icu4c@77/77.1/include   -isysroot /Library/Developer/CommandLineTools/SDKs/MacOSX15.2.sdk   -I/opt/homebrew/opt/icu4c@77/include  -c -o launch_backend.o launch_backend.c
gcc -Wall -Wmissing-prototypes -Wpointer-arith -Wdeclaration-after-statement -Werror=vla -Werror=unguarded-availability-new -Wendif-labels -Wmissing-format-attribute -Wcast-function-type -Wformat-security -Wmissing-variable-declarations -fno-strict-aliasing -fwrapv -fexcess-precision=standard -Wno-unused-command-line-argument -Wno-compound-token-split-by-macro -Wno-cast-function-type-strict -O2 -I../../../../src/include -I/opt/homebrew/Cellar/icu4c@77/77.1/include   -isysroot /Library/Developer/CommandLineTools/SDKs/MacOSX15.2.sdk   -I/opt/homebrew/opt/icu4c@77/include  -c -o syncscan.o syncscan.c
( echo src/backend/optimizer/geqo/geqo_copy.o src/backend/optimizer/geqo/geqo_cx.o src/backend/optimizer/geqo/geqo_erx.o src/backend/optimizer/geqo/geqo_eval.o src/backend/optimizer/geqo/geqo_main.o src/backend/optimizer/geqo/geqo_misc.o src/backend/optimizer/geqo/geqo_mutation.o src/backend/optimizer/geqo/geqo_ox1.o src/backend/optimizer/geqo/geqo_ox2.o src/backend/optimizer/geqo/geqo_pmx.o src/backend/optimizer/geqo/geqo_pool.o src/backend/optimizer/geqo/geqo_px.o src/backend/optimizer/geqo/geqo_random.o src/backend/optimizer/geqo/geqo_recombination.o src/backend/optimizer/geqo/geqo_selection.o ) >objfiles.txt
gcc -Wall -Wmissing-prototypes -Wpointer-arith -Wdeclaration-after-statement -Werror=vla -Werror=unguarded-availability-new -Wendif-labels -Wmissing-format-attribute -Wcast-function-type -Wformat-security -Wmissing-variable-declarations -fno-strict-aliasing -fwrapv -fexcess-precision=standard -Wno-unused-command-line-argument -Wno-compound-token-split-by-macro -Wno-cast-function-type-strict -O2 -I../../../src/include -I/opt/homebrew/Cellar/icu4c@77/77.1/include   -isysroot /Library/Developer/CommandLineTools/SDKs/MacOSX15.2.sdk   -I/opt/homebrew/opt/icu4c@77/include  -c -o regerror.o regerror.c
gcc -Wall -Wmissing-prototypes -Wpointer-arith -Wdeclaration-after-statement -Werror=vla -Werror=unguarded-availability-new -Wendif-labels -Wmissing-format-attribute -Wcast-function-type -Wformat-security -Wmissing-variable-declarations -fno-strict-aliasing -fwrapv -fexcess-precision=standard -Wno-unused-command-line-argument -Wno-compound-token-split-by-macro -Wno-cast-function-type-strict -O2 -I. -I. -I../../../src/include -I/opt/homebrew/Cellar/icu4c@77/77.1/include   -isysroot /Library/Developer/CommandLineTools/SDKs/MacOSX15.2.sdk   -I/opt/homebrew/opt/icu4c@77/include  -c -o makefuncs.o makefuncs.c
gcc -Wall -Wmissing-prototypes -Wpointer-arith -Wdeclaration-after-statement -Werror=vla -Werror=unguarded-availability-new -Wendif-labels -Wmissing-format-attribute -Wcast-function-type -Wformat-security -Wmissing-variable-declarations -fno-strict-aliasing -fwrapv -fexcess-precision=standard -Wno-unused-command-line-argument -Wno-compound-token-split-by-macro -Wno-cast-function-type-strict -O2 -I../../../src/include -I/opt/homebrew/Cellar/icu4c@77/77.1/include   -isysroot /Library/Developer/CommandLineTools/SDKs/MacOSX15.2.sdk   -I/opt/homebrew/opt/icu4c@77/include  -c -o pqcomm.o pqcomm.c
gcc -Wall -Wmissing-prototypes -Wpointer-arith -Wdeclaration-after-statement -Werror=vla -Werror=unguarded-availability-new -Wendif-labels -Wmissing-format-attribute -Wcast-function-type -Wformat-security -Wmissing-variable-declarations -fno-strict-aliasing -fwrapv -fexcess-precision=standard -Wno-unused-command-line-argument -Wno-compound-token-split-by-macro -Wno-cast-function-type-strict -O2 -I../../../src/include -I/opt/homebrew/Cellar/icu4c@77/77.1/include   -isysroot /Library/Developer/CommandLineTools/SDKs/MacOSX15.2.sdk   -I/opt/homebrew/opt/icu4c@77/include  -c -o pgarch.o pgarch.c
gcc -Wall -Wmissing-prototypes -Wpointer-arith -Wdeclaration-after-statement -Werror=vla -Werror=unguarded-availability-new -Wendif-labels -Wmissing-format-attribute -Wcast-function-type -Wformat-security -Wmissing-variable-declarations -fno-strict-aliasing -fwrapv -fexcess-precision=standard -Wno-unused-command-line-argument -Wno-compound-token-split-by-macro -Wno-cast-function-type-strict -O2 -I../../../../src/include -I/opt/homebrew/Cellar/icu4c@77/77.1/include   -isysroot /Library/Developer/CommandLineTools/SDKs/MacOSX15.2.sdk   -I/opt/homebrew/opt/icu4c@77/include  -c -o tidstore.o tidstore.c
gcc -Wall -Wmissing-prototypes -Wpointer-arith -Wdeclaration-after-statement -Werror=vla -Werror=unguarded-availability-new -Wendif-labels -Wmissing-format-attribute -Wcast-function-type -Wformat-security -Wmissing-variable-declarations -fno-strict-aliasing -fwrapv -fexcess-precision=standard -Wno-unused-command-line-argument -Wno-compound-token-split-by-macro -Wno-cast-function-type-strict -O2 -I../../../src/include -I/opt/homebrew/Cellar/icu4c@77/77.1/include   -isysroot /Library/Developer/CommandLineTools/SDKs/MacOSX15.2.sdk   -I/opt/homebrew/opt/icu4c@77/include  -c -o regexec.o regexec.c
gcc -Wall -Wmissing-prototypes -Wpointer-arith -Wdeclaration-after-statement -Werror=vla -Werror=unguarded-availability-new -Wendif-labels -Wmissing-format-attribute -Wcast-function-type -Wformat-security -Wmissing-variable-declarations -fno-strict-aliasing -fwrapv -fexcess-precision=standard -Wno-unused-command-line-argument -Wno-compound-token-split-by-macro -Wno-cast-function-type-strict -O2 -I. -I. -I../../../src/include -I/opt/homebrew/Cellar/icu4c@77/77.1/include   -isysroot /Library/Developer/CommandLineTools/SDKs/MacOSX15.2.sdk   -I/opt/homebrew/opt/icu4c@77/include  -c -o multibitmapset.o multibitmapset.c
/Library/Developer/CommandLineTools/usr/bin/make -C prep all
gcc -Wall -Wmissing-prototypes -Wpointer-arith -Wdeclaration-after-statement -Werror=vla -Werror=unguarded-availability-new -Wendif-labels -Wmissing-format-attribute -Wcast-function-type -Wformat-security -Wmissing-variable-declarations -fno-strict-aliasing -fwrapv -fexcess-precision=standard -Wno-unused-command-line-argument -Wno-compound-token-split-by-macro -Wno-cast-function-type-strict -O2 -I../../../../src/include -I/opt/homebrew/Cellar/icu4c@77/77.1/include   -isysroot /Library/Developer/CommandLineTools/SDKs/MacOSX15.2.sdk   -I/opt/homebrew/opt/icu4c@77/include  -c -o prepagg.o prepagg.c
gcc -Wall -Wmissing-prototypes -Wpointer-arith -Wdeclaration-after-statement -Werror=vla -Werror=unguarded-availability-new -Wendif-labels -Wmissing-format-attribute -Wcast-function-type -Wformat-security -Wmissing-variable-declarations -fno-strict-aliasing -fwrapv -fexcess-precision=standard -Wno-unused-command-line-argument -Wno-compound-token-split-by-macro -Wno-cast-function-type-strict -O2 -I. -I. -I../../../src/include -I/opt/homebrew/Cellar/icu4c@77/77.1/include   -isysroot /Library/Developer/CommandLineTools/SDKs/MacOSX15.2.sdk   -I/opt/homebrew/opt/icu4c@77/include  -c -o nodeFuncs.o nodeFuncs.c
gcc -Wall -Wmissing-prototypes -Wpointer-arith -Wdeclaration-after-statement -Werror=vla -Werror=unguarded-availability-new -Wendif-labels -Wmissing-format-attribute -Wcast-function-type -Wformat-security -Wmissing-variable-declarations -fno-strict-aliasing -fwrapv -fexcess-precision=standard -Wno-unused-command-line-argument -Wno-compound-token-split-by-macro -Wno-cast-function-type-strict -O2 -I../../../src/include -I/opt/homebrew/Cellar/icu4c@77/77.1/include   -isysroot /Library/Developer/CommandLineTools/SDKs/MacOSX15.2.sdk   -I/opt/homebrew/opt/icu4c@77/include  -c -o pqformat.o pqformat.c
gcc -Wall -Wmissing-prototypes -Wpointer-arith -Wdeclaration-after-statement -Werror=vla -Werror=unguarded-availability-new -Wendif-labels -Wmissing-format-attribute -Wcast-function-type -Wformat-security -Wmissing-variable-declarations -fno-strict-aliasing -fwrapv -fexcess-precision=standard -Wno-unused-command-line-argument -Wno-compound-token-split-by-macro -Wno-cast-function-type-strict -O2 -I../../../src/include -I/opt/homebrew/Cellar/icu4c@77/77.1/include   -isysroot /Library/Developer/CommandLineTools/SDKs/MacOSX15.2.sdk   -I/opt/homebrew/opt/icu4c@77/include  -c -o pmchild.o pmchild.c
gcc -Wall -Wmissing-prototypes -Wpointer-arith -Wdeclaration-after-statement -Werror=vla -Werror=unguarded-availability-new -Wendif-labels -Wmissing-format-attribute -Wcast-function-type -Wformat-security -Wmissing-variable-declarations -fno-strict-aliasing -fwrapv -fexcess-precision=standard -Wno-unused-command-line-argument -Wno-compound-token-split-by-macro -Wno-cast-function-type-strict -O2 -I../../../../src/include -I/opt/homebrew/Cellar/icu4c@77/77.1/include   -isysroot /Library/Developer/CommandLineTools/SDKs/MacOSX15.2.sdk   -I/opt/homebrew/opt/icu4c@77/include  -c -o joinpath.o joinpath.c
gcc -Wall -Wmissing-prototypes -Wpointer-arith -Wdeclaration-after-statement -Werror=vla -Werror=unguarded-availability-new -Wendif-labels -Wmissing-format-attribute -Wcast-function-type -Wformat-security -Wmissing-variable-declarations -fno-strict-aliasing -fwrapv -fexcess-precision=standard -Wno-unused-command-line-argument -Wno-compound-token-split-by-macro -Wno-cast-function-type-strict -O2 -I../../../src/include -I/opt/homebrew/Cellar/icu4c@77/77.1/include   -isysroot /Library/Developer/CommandLineTools/SDKs/MacOSX15.2.sdk   -I/opt/homebrew/opt/icu4c@77/include  -c -o regexport.o regexport.c
gcc -Wall -Wmissing-prototypes -Wpointer-arith -Wdeclaration-after-statement -Werror=vla -Werror=unguarded-availability-new -Wendif-labels -Wmissing-format-attribute -Wcast-function-type -Wformat-security -Wmissing-variable-declarations -fno-strict-aliasing -fwrapv -fexcess-precision=standard -Wno-unused-command-line-argument -Wno-compound-token-split-by-macro -Wno-cast-function-type-strict -O2 -I../../../src/include -I/opt/homebrew/Cellar/icu4c@77/77.1/include   -isysroot /Library/Developer/CommandLineTools/SDKs/MacOSX15.2.sdk   -I/opt/homebrew/opt/icu4c@77/include  -c -o pqmq.o pqmq.c
gcc -Wall -Wmissing-prototypes -Wpointer-arith -Wdeclaration-after-statement -Werror=vla -Werror=unguarded-availability-new -Wendif-labels -Wmissing-format-attribute -Wcast-function-type -Wformat-security -Wmissing-variable-declarations -fno-strict-aliasing -fwrapv -fexcess-precision=standard -Wno-unused-command-line-argument -Wno-compound-token-split-by-macro -Wno-cast-function-type-strict -O2 -I../../../../src/include -I/opt/homebrew/Cellar/icu4c@77/77.1/include   -isysroot /Library/Developer/CommandLineTools/SDKs/MacOSX15.2.sdk   -I/opt/homebrew/opt/icu4c@77/include  -c -o prepjointree.o prepjointree.c
gcc -Wall -Wmissing-prototypes -Wpointer-arith -Wdeclaration-after-statement -Werror=vla -Werror=unguarded-availability-new -Wendif-labels -Wmissing-format-attribute -Wcast-function-type -Wformat-security -Wmissing-variable-declarations -fno-strict-aliasing -fwrapv -fexcess-precision=standard -Wno-unused-command-line-argument -Wno-compound-token-split-by-macro -Wno-cast-function-type-strict -O2 -I../../../src/include -I/opt/homebrew/Cellar/icu4c@77/77.1/include   -isysroot /Library/Developer/CommandLineTools/SDKs/MacOSX15.2.sdk   -I/opt/homebrew/opt/icu4c@77/include  -c -o postmaster.o postmaster.c
gcc -Wall -Wmissing-prototypes -Wpointer-arith -Wdeclaration-after-statement -Werror=vla -Werror=unguarded-availability-new -Wendif-labels -Wmissing-format-attribute -Wcast-function-type -Wformat-security -Wmissing-variable-declarations -fno-strict-aliasing -fwrapv -fexcess-precision=standard -Wno-unused-command-line-argument -Wno-compound-token-split-by-macro -Wno-cast-function-type-strict -O2 -I../../../../src/include -I/opt/homebrew/Cellar/icu4c@77/77.1/include   -isysroot /Library/Developer/CommandLineTools/SDKs/MacOSX15.2.sdk   -I/opt/homebrew/opt/icu4c@77/include  -c -o initsplan.o initsplan.c
gcc -Wall -Wmissing-prototypes -Wpointer-arith -Wdeclaration-after-statement -Werror=vla -Werror=unguarded-availability-new -Wendif-labels -Wmissing-format-attribute -Wcast-function-type -Wformat-security -Wmissing-variable-declarations -fno-strict-aliasing -fwrapv -fexcess-precision=standard -Wno-unused-command-line-argument -Wno-compound-token-split-by-macro -Wno-cast-function-type-strict -O2 -I../../../src/include -I/opt/homebrew/Cellar/icu4c@77/77.1/include   -isysroot /Library/Developer/CommandLineTools/SDKs/MacOSX15.2.sdk   -I/opt/homebrew/opt/icu4c@77/include  -c -o regfree.o regfree.c
gcc -Wall -Wmissing-prototypes -Wpointer-arith -Wdeclaration-after-statement -Werror=vla -Werror=unguarded-availability-new -Wendif-labels -Wmissing-format-attribute -Wcast-function-type -Wformat-security -Wmissing-variable-declarations -fno-strict-aliasing -fwrapv -fexcess-precision=standard -Wno-unused-command-line-argument -Wno-compound-token-split-by-macro -Wno-cast-function-type-strict -O2 -I../../../src/include -I/opt/homebrew/Cellar/icu4c@77/77.1/include   -isysroot /Library/Developer/CommandLineTools/SDKs/MacOSX15.2.sdk   -I/opt/homebrew/opt/icu4c@77/include  -c -o pqsignal.o pqsignal.c
gcc -Wall -Wmissing-prototypes -Wpointer-arith -Wdeclaration-after-statement -Werror=vla -Werror=unguarded-availability-new -Wendif-labels -Wmissing-format-attribute -Wcast-function-type -Wformat-security -Wmissing-variable-declarations -fno-strict-aliasing -fwrapv -fexcess-precision=standard -Wno-unused-command-line-argument -Wno-compound-token-split-by-macro -Wno-cast-function-type-strict -O2 -I../../../../src/include -I/opt/homebrew/Cellar/icu4c@77/77.1/include   -isysroot /Library/Developer/CommandLineTools/SDKs/MacOSX15.2.sdk   -I/opt/homebrew/opt/icu4c@77/include  -c -o toast_compression.o toast_compression.c
gcc -Wall -Wmissing-prototypes -Wpointer-arith -Wdeclaration-after-statement -Werror=vla -Werror=unguarded-availability-new -Wendif-labels -Wmissing-format-attribute -Wcast-function-type -Wformat-security -Wmissing-variable-declarations -fno-strict-aliasing -fwrapv -fexcess-precision=standard -Wno-unused-command-line-argument -Wno-compound-token-split-by-macro -Wno-cast-function-type-strict -O2 -I../../../src/include -I/opt/homebrew/Cellar/icu4c@77/77.1/include   -isysroot /Library/Developer/CommandLineTools/SDKs/MacOSX15.2.sdk   -I/opt/homebrew/opt/icu4c@77/include  -c -o regprefix.o regprefix.c
gcc -Wall -Wmissing-prototypes -Wpointer-arith -Wdeclaration-after-statement -Werror=vla -Werror=unguarded-availability-new -Wendif-labels -Wmissing-format-attribute -Wcast-function-type -Wformat-security -Wmissing-variable-declarations -fno-strict-aliasing -fwrapv -fexcess-precision=standard -Wno-unused-command-line-argument -Wno-compound-token-split-by-macro -Wno-cast-function-type-strict -O2 -I../../../../src/include -I/opt/homebrew/Cellar/icu4c@77/77.1/include   -isysroot /Library/Developer/CommandLineTools/SDKs/MacOSX15.2.sdk   -I/opt/homebrew/opt/icu4c@77/include  -c -o joinrels.o joinrels.c
( echo src/backend/libpq/auth-oauth.o src/backend/libpq/auth-sasl.o src/backend/libpq/auth-scram.o src/backend/libpq/auth.o src/backend/libpq/be-fsstubs.o src/backend/libpq/be-secure-common.o src/backend/libpq/be-secure.o src/backend/libpq/crypt.o src/backend/libpq/hba.o src/backend/libpq/ifaddr.o src/backend/libpq/pqcomm.o src/backend/libpq/pqformat.o src/backend/libpq/pqmq.o src/backend/libpq/pqsignal.o ) >objfiles.txt
/Library/Developer/CommandLineTools/usr/bin/make -C util all
gcc -Wall -Wmissing-prototypes -Wpointer-arith -Wdeclaration-after-statement -Werror=vla -Werror=unguarded-availability-new -Wendif-labels -Wmissing-format-attribute -Wcast-function-type -Wformat-security -Wmissing-variable-declarations -fno-strict-aliasing -fwrapv -fexcess-precision=standard -Wno-unused-command-line-argument -Wno-compound-token-split-by-macro -Wno-cast-function-type-strict -O2 -I../../../../src/include -I/opt/homebrew/Cellar/icu4c@77/77.1/include   -isysroot /Library/Developer/CommandLineTools/SDKs/MacOSX15.2.sdk   -I/opt/homebrew/opt/icu4c@77/include  -c -o appendinfo.o appendinfo.c
( echo src/backend/regex/regcomp.o src/backend/regex/regerror.o src/backend/regex/regexec.o src/backend/regex/regexport.o src/backend/regex/regfree.o src/backend/regex/regprefix.o ) >objfiles.txt
gcc -Wall -Wmissing-prototypes -Wpointer-arith -Wdeclaration-after-statement -Werror=vla -Werror=unguarded-availability-new -Wendif-labels -Wmissing-format-attribute -Wcast-function-type -Wformat-security -Wmissing-variable-declarations -fno-strict-aliasing -fwrapv -fexcess-precision=standard -Wno-unused-command-line-argument -Wno-compound-token-split-by-macro -Wno-cast-function-type-strict -O2 -I../../../../src/include -I/opt/homebrew/Cellar/icu4c@77/77.1/include   -isysroot /Library/Developer/CommandLineTools/SDKs/MacOSX15.2.sdk   -I/opt/homebrew/opt/icu4c@77/include  -c -o toast_internals.o toast_internals.c
gcc -Wall -Wmissing-prototypes -Wpointer-arith -Wdeclaration-after-statement -Werror=vla -Werror=unguarded-availability-new -Wendif-labels -Wmissing-format-attribute -Wcast-function-type -Wformat-security -Wmissing-variable-declarations -fno-strict-aliasing -fwrapv -fexcess-precision=standard -Wno-unused-command-line-argument -Wno-compound-token-split-by-macro -Wno-cast-function-type-strict -O2 -I. -I. -I../../../src/include -I/opt/homebrew/Cellar/icu4c@77/77.1/include   -isysroot /Library/Developer/CommandLineTools/SDKs/MacOSX15.2.sdk   -I/opt/homebrew/opt/icu4c@77/include  -c -o outfuncs.o outfuncs.c
gcc -Wall -Wmissing-prototypes -Wpointer-arith -Wdeclaration-after-statement -Werror=vla -Werror=unguarded-availability-new -Wendif-labels -Wmissing-format-attribute -Wcast-function-type -Wformat-security -Wmissing-variable-declarations -fno-strict-aliasing -fwrapv -fexcess-precision=standard -Wno-unused-command-line-argument -Wno-compound-token-split-by-macro -Wno-cast-function-type-strict -O2 -I../../../../src/include -I/opt/homebrew/Cellar/icu4c@77/77.1/include   -isysroot /Library/Developer/CommandLineTools/SDKs/MacOSX15.2.sdk   -I/opt/homebrew/opt/icu4c@77/include  -c -o prepqual.o prepqual.c
gcc -Wall -Wmissing-prototypes -Wpointer-arith -Wdeclaration-after-statement -Werror=vla -Werror=unguarded-availability-new -Wendif-labels -Wmissing-format-attribute -Wcast-function-type -Wformat-security -Wmissing-variable-declarations -fno-strict-aliasing -fwrapv -fexcess-precision=standard -Wno-unused-command-line-argument -Wno-compound-token-split-by-macro -Wno-cast-function-type-strict -O2 -I../../../../src/include -I/opt/homebrew/Cellar/icu4c@77/77.1/include   -isysroot /Library/Developer/CommandLineTools/SDKs/MacOSX15.2.sdk   -I/opt/homebrew/opt/icu4c@77/include  -c -o planagg.o planagg.c
/Library/Developer/CommandLineTools/usr/bin/make -C replication all
/Library/Developer/CommandLineTools/usr/bin/make -C logical all
gcc -Wall -Wmissing-prototypes -Wpointer-arith -Wdeclaration-after-statement -Werror=vla -Werror=unguarded-availability-new -Wendif-labels -Wmissing-format-attribute -Wcast-function-type -Wformat-security -Wmissing-variable-declarations -fno-strict-aliasing -fwrapv -fexcess-precision=standard -Wno-unused-command-line-argument -Wno-compound-token-split-by-macro -Wno-cast-function-type-strict -O2 -I. -I../../../../src/include -I/opt/homebrew/Cellar/icu4c@77/77.1/include   -isysroot /Library/Developer/CommandLineTools/SDKs/MacOSX15.2.sdk   -I/opt/homebrew/opt/icu4c@77/include  -c -o applyparallelworker.o applyparallelworker.c
gcc -Wall -Wmissing-prototypes -Wpointer-arith -Wdeclaration-after-statement -Werror=vla -Werror=unguarded-availability-new -Wendif-labels -Wmissing-format-attribute -Wcast-function-type -Wformat-security -Wmissing-variable-declarations -fno-strict-aliasing -fwrapv -fexcess-precision=standard -Wno-unused-command-line-argument -Wno-compound-token-split-by-macro -Wno-cast-function-type-strict -O2 -I../../../../src/include -I/opt/homebrew/Cellar/icu4c@77/77.1/include   -isysroot /Library/Developer/CommandLineTools/SDKs/MacOSX15.2.sdk   -I/opt/homebrew/opt/icu4c@77/include  -c -o tupconvert.o tupconvert.c
gcc -Wall -Wmissing-prototypes -Wpointer-arith -Wdeclaration-after-statement -Werror=vla -Werror=unguarded-availability-new -Wendif-labels -Wmissing-format-attribute -Wcast-function-type -Wformat-security -Wmissing-variable-declarations -fno-strict-aliasing -fwrapv -fexcess-precision=standard -Wno-unused-command-line-argument -Wno-compound-token-split-by-macro -Wno-cast-function-type-strict -O2 -I../../../../src/include -I/opt/homebrew/Cellar/icu4c@77/77.1/include   -isysroot /Library/Developer/CommandLineTools/SDKs/MacOSX15.2.sdk   -I/opt/homebrew/opt/icu4c@77/include  -c -o preptlist.o preptlist.c
gcc -Wall -Wmissing-prototypes -Wpointer-arith -Wdeclaration-after-statement -Werror=vla -Werror=unguarded-availability-new -Wendif-labels -Wmissing-format-attribute -Wcast-function-type -Wformat-security -Wmissing-variable-declarations -fno-strict-aliasing -fwrapv -fexcess-precision=standard -Wno-unused-command-line-argument -Wno-compound-token-split-by-macro -Wno-cast-function-type-strict -O2 -I../../../../src/include -I/opt/homebrew/Cellar/icu4c@77/77.1/include   -isysroot /Library/Developer/CommandLineTools/SDKs/MacOSX15.2.sdk   -I/opt/homebrew/opt/icu4c@77/include  -c -o planmain.o planmain.c
gcc -Wall -Wmissing-prototypes -Wpointer-arith -Wdeclaration-after-statement -Werror=vla -Werror=unguarded-availability-new -Wendif-labels -Wmissing-format-attribute -Wcast-function-type -Wformat-security -Wmissing-variable-declarations -fno-strict-aliasing -fwrapv -fexcess-precision=standard -Wno-unused-command-line-argument -Wno-compound-token-split-by-macro -Wno-cast-function-type-strict -O2 -I../../../../src/include -I/opt/homebrew/Cellar/icu4c@77/77.1/include   -isysroot /Library/Developer/CommandLineTools/SDKs/MacOSX15.2.sdk   -I/opt/homebrew/opt/icu4c@77/include  -c -o clauses.o clauses.c
gcc -Wall -Wmissing-prototypes -Wpointer-arith -Wdeclaration-after-statement -Werror=vla -Werror=unguarded-availability-new -Wendif-labels -Wmissing-format-attribute -Wcast-function-type -Wformat-security -Wmissing-variable-declarations -fno-strict-aliasing -fwrapv -fexcess-precision=standard -Wno-unused-command-line-argument -Wno-compound-token-split-by-macro -Wno-cast-function-type-strict -O2 -I../../../src/include -I/opt/homebrew/Cellar/icu4c@77/77.1/include   -isysroot /Library/Developer/CommandLineTools/SDKs/MacOSX15.2.sdk   -I/opt/homebrew/opt/icu4c@77/include  -c -o startup.o startup.c
gcc -Wall -Wmissing-prototypes -Wpointer-arith -Wdeclaration-after-statement -Werror=vla -Werror=unguarded-availability-new -Wendif-labels -Wmissing-format-attribute -Wcast-function-type -Wformat-security -Wmissing-variable-declarations -fno-strict-aliasing -fwrapv -fexcess-precision=standard -Wno-unused-command-line-argument -Wno-compound-token-split-by-macro -Wno-cast-function-type-strict -O2 -I../../../../src/include -I/opt/homebrew/Cellar/icu4c@77/77.1/include   -isysroot /Library/Developer/CommandLineTools/SDKs/MacOSX15.2.sdk   -I/opt/homebrew/opt/icu4c@77/include  -c -o pathkeys.o pathkeys.c
gcc -Wall -Wmissing-prototypes -Wpointer-arith -Wdeclaration-after-statement -Werror=vla -Werror=unguarded-availability-new -Wendif-labels -Wmissing-format-attribute -Wcast-function-type -Wformat-security -Wmissing-variable-declarations -fno-strict-aliasing -fwrapv -fexcess-precision=standard -Wno-unused-command-line-argument -Wno-compound-token-split-by-macro -Wno-cast-function-type-strict -O2 -I../../../../src/include -I/opt/homebrew/Cellar/icu4c@77/77.1/include   -isysroot /Library/Developer/CommandLineTools/SDKs/MacOSX15.2.sdk   -I/opt/homebrew/opt/icu4c@77/include  -c -o tupdesc.o tupdesc.c
gcc -Wall -Wmissing-prototypes -Wpointer-arith -Wdeclaration-after-statement -Werror=vla -Werror=unguarded-availability-new -Wendif-labels -Wmissing-format-attribute -Wcast-function-type -Wformat-security -Wmissing-variable-declarations -fno-strict-aliasing -fwrapv -fexcess-precision=standard -Wno-unused-command-line-argument -Wno-compound-token-split-by-macro -Wno-cast-function-type-strict -O2 -I. -I../../../../src/include -I/opt/homebrew/Cellar/icu4c@77/77.1/include   -isysroot /Library/Developer/CommandLineTools/SDKs/MacOSX15.2.sdk   -I/opt/homebrew/opt/icu4c@77/include  -c -o conflict.o conflict.c
gcc -Wall -Wmissing-prototypes -Wpointer-arith -Wdeclaration-after-statement -Werror=vla -Werror=unguarded-availability-new -Wendif-labels -Wmissing-format-attribute -Wcast-function-type -Wformat-security -Wmissing-variable-declarations -fno-strict-aliasing -fwrapv -fexcess-precision=standard -Wno-unused-command-line-argument -Wno-compound-token-split-by-macro -Wno-cast-function-type-strict -O2 -I../../../../src/include -I/opt/homebrew/Cellar/icu4c@77/77.1/include   -isysroot /Library/Developer/CommandLineTools/SDKs/MacOSX15.2.sdk   -I/opt/homebrew/opt/icu4c@77/include  -c -o planner.o planner.c
gcc -Wall -Wmissing-prototypes -Wpointer-arith -Wdeclaration-after-statement -Werror=vla -Werror=unguarded-availability-new -Wendif-labels -Wmissing-format-attribute -Wcast-function-type -Wformat-security -Wmissing-variable-declarations -fno-strict-aliasing -fwrapv -fexcess-precision=standard -Wno-unused-command-line-argument -Wno-compound-token-split-by-macro -Wno-cast-function-type-strict -O2 -I../../../../src/include -I/opt/homebrew/Cellar/icu4c@77/77.1/include   -isysroot /Library/Developer/CommandLineTools/SDKs/MacOSX15.2.sdk   -I/opt/homebrew/opt/icu4c@77/include  -c -o prepunion.o prepunion.c
gcc -Wall -Wmissing-prototypes -Wpointer-arith -Wdeclaration-after-statement -Werror=vla -Werror=unguarded-availability-new -Wendif-labels -Wmissing-format-attribute -Wcast-function-type -Wformat-security -Wmissing-variable-declarations -fno-strict-aliasing -fwrapv -fexcess-precision=standard -Wno-unused-command-line-argument -Wno-compound-token-split-by-macro -Wno-cast-function-type-strict -O2 -I../../../src/include -I/opt/homebrew/Cellar/icu4c@77/77.1/include   -isysroot /Library/Developer/CommandLineTools/SDKs/MacOSX15.2.sdk   -I/opt/homebrew/opt/icu4c@77/include  -c -o syslogger.o syslogger.c
( echo src/backend/access/common/attmap.o src/backend/access/common/bufmask.o src/backend/access/common/detoast.o src/backend/access/common/heaptuple.o src/backend/access/common/indextuple.o src/backend/access/common/printsimple.o src/backend/access/common/printtup.o src/backend/access/common/relation.o src/backend/access/common/reloptions.o src/backend/access/common/scankey.o src/backend/access/common/session.o src/backend/access/common/syncscan.o src/backend/access/common/tidstore.o src/backend/access/common/toast_compression.o src/backend/access/common/toast_internals.o src/backend/access/common/tupconvert.o src/backend/access/common/tupdesc.o ) >objfiles.txt
make[2]: *** [access-recursive] Error 2
make[2]: *** Waiting for unfinished jobs....
gcc -Wall -Wmissing-prototypes -Wpointer-arith -Wdeclaration-after-statement -Werror=vla -Werror=unguarded-availability-new -Wendif-labels -Wmissing-format-attribute -Wcast-function-type -Wformat-security -Wmissing-variable-declarations -fno-strict-aliasing -fwrapv -fexcess-precision=standard -Wno-unused-command-line-argument -Wno-compound-token-split-by-macro -Wno-cast-function-type-strict -O2 -I. -I. -I../../../src/include -I/opt/homebrew/Cellar/icu4c@77/77.1/include   -isysroot /Library/Developer/CommandLineTools/SDKs/MacOSX15.2.sdk   -I/opt/homebrew/opt/icu4c@77/include  -c -o params.o params.c
gcc -Wall -Wmissing-prototypes -Wpointer-arith -Wdeclaration-after-statement -Werror=vla -Werror=unguarded-availability-new -Wendif-labels -Wmissing-format-attribute -Wcast-function-type -Wformat-security -Wmissing-variable-declarations -fno-strict-aliasing -fwrapv -fexcess-precision=standard -Wno-unused-command-line-argument -Wno-compound-token-split-by-macro -Wno-cast-function-type-strict -O2 -I../../../../src/include -I/opt/homebrew/Cellar/icu4c@77/77.1/include   -isysroot /Library/Developer/CommandLineTools/SDKs/MacOSX15.2.sdk   -I/opt/homebrew/opt/icu4c@77/include  -c -o tidpath.o tidpath.c
gcc -Wall -Wmissing-prototypes -Wpointer-arith -Wdeclaration-after-statement -Werror=vla -Werror=unguarded-availability-new -Wendif-labels -Wmissing-format-attribute -Wcast-function-type -Wformat-security -Wmissing-variable-declarations -fno-strict-aliasing -fwrapv -fexcess-precision=standard -Wno-unused-command-line-argument -Wno-compound-token-split-by-macro -Wno-cast-function-type-strict -O2 -I. -I../../../../src/include -I/opt/homebrew/Cellar/icu4c@77/77.1/include   -isysroot /Library/Developer/CommandLineTools/SDKs/MacOSX15.2.sdk   -I/opt/homebrew/opt/icu4c@77/include  -c -o decode.o decode.c
gcc -Wall -Wmissing-prototypes -Wpointer-arith -Wdeclaration-after-statement -Werror=vla -Werror=unguarded-availability-new -Wendif-labels -Wmissing-format-attribute -Wcast-function-type -Wformat-security -Wmissing-variable-declarations -fno-strict-aliasing -fwrapv -fexcess-precision=standard -Wno-unused-command-line-argument -Wno-compound-token-split-by-macro -Wno-cast-function-type-strict -O2 -I. -I. -I../../../src/include -I/opt/homebrew/Cellar/icu4c@77/77.1/include   -isysroot /Library/Developer/CommandLineTools/SDKs/MacOSX15.2.sdk   -I/opt/homebrew/opt/icu4c@77/include  -c -o print.o print.c
gcc -Wall -Wmissing-prototypes -Wpointer-arith -Wdeclaration-after-statement -Werror=vla -Werror=unguarded-availability-new -Wendif-labels -Wmissing-format-attribute -Wcast-function-type -Wformat-security -Wmissing-variable-declarations -fno-strict-aliasing -fwrapv -fexcess-precision=standard -Wno-unused-command-line-argument -Wno-compound-token-split-by-macro -Wno-cast-function-type-strict -O2 -I../../../src/include -I/opt/homebrew/Cellar/icu4c@77/77.1/include   -isysroot /Library/Developer/CommandLineTools/SDKs/MacOSX15.2.sdk   -I/opt/homebrew/opt/icu4c@77/include  -c -o walsummarizer.o walsummarizer.c
( echo src/backend/optimizer/path/allpaths.o src/backend/optimizer/path/clausesel.o src/backend/optimizer/path/costsize.o src/backend/optimizer/path/equivclass.o src/backend/optimizer/path/indxpath.o src/backend/optimizer/path/joinpath.o src/backend/optimizer/path/joinrels.o src/backend/optimizer/path/pathkeys.o src/backend/optimizer/path/tidpath.o ) >objfiles.txt
( echo src/backend/optimizer/prep/prepagg.o src/backend/optimizer/prep/prepjointree.o src/backend/optimizer/prep/prepqual.o src/backend/optimizer/prep/preptlist.o src/backend/optimizer/prep/prepunion.o ) >objfiles.txt
gcc -Wall -Wmissing-prototypes -Wpointer-arith -Wdeclaration-after-statement -Werror=vla -Werror=unguarded-availability-new -Wendif-labels -Wmissing-format-attribute -Wcast-function-type -Wformat-security -Wmissing-variable-declarations -fno-strict-aliasing -fwrapv -fexcess-precision=standard -Wno-unused-command-line-argument -Wno-compound-token-split-by-macro -Wno-cast-function-type-strict -O2 -I. -I. -I../../../src/include -I/opt/homebrew/Cellar/icu4c@77/77.1/include   -isysroot /Library/Developer/CommandLineTools/SDKs/MacOSX15.2.sdk   -I/opt/homebrew/opt/icu4c@77/include  -c -o queryjumblefuncs.o queryjumblefuncs.c
gcc -Wall -Wmissing-prototypes -Wpointer-arith -Wdeclaration-after-statement -Werror=vla -Werror=unguarded-availability-new -Wendif-labels -Wmissing-format-attribute -Wcast-function-type -Wformat-security -Wmissing-variable-declarations -fno-strict-aliasing -fwrapv -fexcess-precision=standard -Wno-unused-command-line-argument -Wno-compound-token-split-by-macro -Wno-cast-function-type-strict -O2 -I. -I. -I../../../src/include -I/opt/homebrew/Cellar/icu4c@77/77.1/include   -isysroot /Library/Developer/CommandLineTools/SDKs/MacOSX15.2.sdk   -I/opt/homebrew/opt/icu4c@77/include  -c -o read.o read.c
gcc -Wall -Wmissing-prototypes -Wpointer-arith -Wdeclaration-after-statement -Werror=vla -Werror=unguarded-availability-new -Wendif-labels -Wmissing-format-attribute -Wcast-function-type -Wformat-security -Wmissing-variable-declarations -fno-strict-aliasing -fwrapv -fexcess-precision=standard -Wno-unused-command-line-argument -Wno-compound-token-split-by-macro -Wno-cast-function-type-strict -O2 -I../../../../src/include -I/opt/homebrew/Cellar/icu4c@77/77.1/include   -isysroot /Library/Developer/CommandLineTools/SDKs/MacOSX15.2.sdk   -I/opt/homebrew/opt/icu4c@77/include  -c -o inherit.o inherit.c
gcc -Wall -Wmissing-prototypes -Wpointer-arith -Wdeclaration-after-statement -Werror=vla -Werror=unguarded-availability-new -Wendif-labels -Wmissing-format-attribute -Wcast-function-type -Wformat-security -Wmissing-variable-declarations -fno-strict-aliasing -fwrapv -fexcess-precision=standard -Wno-unused-command-line-argument -Wno-compound-token-split-by-macro -Wno-cast-function-type-strict -O2 -I. -I../../../../src/include -I/opt/homebrew/Cellar/icu4c@77/77.1/include   -isysroot /Library/Developer/CommandLineTools/SDKs/MacOSX15.2.sdk   -I/opt/homebrew/opt/icu4c@77/include  -c -o launcher.o launcher.c
gcc -Wall -Wmissing-prototypes -Wpointer-arith -Wdeclaration-after-statement -Werror=vla -Werror=unguarded-availability-new -Wendif-labels -Wmissing-format-attribute -Wcast-function-type -Wformat-security -Wmissing-variable-declarations -fno-strict-aliasing -fwrapv -fexcess-precision=standard -Wno-unused-command-line-argument -Wno-compound-token-split-by-macro -Wno-cast-function-type-strict -O2 -I. -I. -I../../../src/include -I/opt/homebrew/Cellar/icu4c@77/77.1/include   -isysroot /Library/Developer/CommandLineTools/SDKs/MacOSX15.2.sdk   -I/opt/homebrew/opt/icu4c@77/include  -c -o readfuncs.o readfuncs.c
gcc -Wall -Wmissing-prototypes -Wpointer-arith -Wdeclaration-after-statement -Werror=vla -Werror=unguarded-availability-new -Wendif-labels -Wmissing-format-attribute -Wcast-function-type -Wformat-security -Wmissing-variable-declarations -fno-strict-aliasing -fwrapv -fexcess-precision=standard -Wno-unused-command-line-argument -Wno-compound-token-split-by-macro -Wno-cast-function-type-strict -O2 -I. -I. -I../../../src/include -I/opt/homebrew/Cellar/icu4c@77/77.1/include   -isysroot /Library/Developer/CommandLineTools/SDKs/MacOSX15.2.sdk   -I/opt/homebrew/opt/icu4c@77/include  -c -o tidbitmap.o tidbitmap.c
gcc -Wall -Wmissing-prototypes -Wpointer-arith -Wdeclaration-after-statement -Werror=vla -Werror=unguarded-availability-new -Wendif-labels -Wmissing-format-attribute -Wcast-function-type -Wformat-security -Wmissing-variable-declarations -fno-strict-aliasing -fwrapv -fexcess-precision=standard -Wno-unused-command-line-argument -Wno-compound-token-split-by-macro -Wno-cast-function-type-strict -O2 -I../../../../src/include -I/opt/homebrew/Cellar/icu4c@77/77.1/include   -isysroot /Library/Developer/CommandLineTools/SDKs/MacOSX15.2.sdk   -I/opt/homebrew/opt/icu4c@77/include  -c -o joininfo.o joininfo.c
gcc -Wall -Wmissing-prototypes -Wpointer-arith -Wdeclaration-after-statement -Werror=vla -Werror=unguarded-availability-new -Wendif-labels -Wmissing-format-attribute -Wcast-function-type -Wformat-security -Wmissing-variable-declarations -fno-strict-aliasing -fwrapv -fexcess-precision=standard -Wno-unused-command-line-argument -Wno-compound-token-split-by-macro -Wno-cast-function-type-strict -O2 -I../../../src/include -I/opt/homebrew/Cellar/icu4c@77/77.1/include   -isysroot /Library/Developer/CommandLineTools/SDKs/MacOSX15.2.sdk   -I/opt/homebrew/opt/icu4c@77/include  -c -o walwriter.o walwriter.c
gcc -Wall -Wmissing-prototypes -Wpointer-arith -Wdeclaration-after-statement -Werror=vla -Werror=unguarded-availability-new -Wendif-labels -Wmissing-format-attribute -Wcast-function-type -Wformat-security -Wmissing-variable-declarations -fno-strict-aliasing -fwrapv -fexcess-precision=standard -Wno-unused-command-line-argument -Wno-compound-token-split-by-macro -Wno-cast-function-type-strict -O2 -I. -I. -I../../../src/include -I/opt/homebrew/Cellar/icu4c@77/77.1/include   -isysroot /Library/Developer/CommandLineTools/SDKs/MacOSX15.2.sdk   -I/opt/homebrew/opt/icu4c@77/include  -c -o value.o value.c
gcc -Wall -Wmissing-prototypes -Wpointer-arith -Wdeclaration-after-statement -Werror=vla -Werror=unguarded-availability-new -Wendif-labels -Wmissing-format-attribute -Wcast-function-type -Wformat-security -Wmissing-variable-declarations -fno-strict-aliasing -fwrapv -fexcess-precision=standard -Wno-unused-command-line-argument -Wno-compound-token-split-by-macro -Wno-cast-function-type-strict -O2 -I. -I../../../../src/include -I/opt/homebrew/Cellar/icu4c@77/77.1/include   -isysroot /Library/Developer/CommandLineTools/SDKs/MacOSX15.2.sdk   -I/opt/homebrew/opt/icu4c@77/include  -c -o logical.o logical.c
gcc -Wall -Wmissing-prototypes -Wpointer-arith -Wdeclaration-after-statement -Werror=vla -Werror=unguarded-availability-new -Wendif-labels -Wmissing-format-attribute -Wcast-function-type -Wformat-security -Wmissing-variable-declarations -fno-strict-aliasing -fwrapv -fexcess-precision=standard -Wno-unused-command-line-argument -Wno-compound-token-split-by-macro -Wno-cast-function-type-strict -O2 -I../../../../src/include -I/opt/homebrew/Cellar/icu4c@77/77.1/include   -isysroot /Library/Developer/CommandLineTools/SDKs/MacOSX15.2.sdk   -I/opt/homebrew/opt/icu4c@77/include  -c -o orclauses.o orclauses.c
gcc -Wall -Wmissing-prototypes -Wpointer-arith -Wdeclaration-after-statement -Werror=vla -Werror=unguarded-availability-new -Wendif-labels -Wmissing-format-attribute -Wcast-function-type -Wformat-security -Wmissing-variable-declarations -fno-strict-aliasing -fwrapv -fexcess-precision=standard -Wno-unused-command-line-argument -Wno-compound-token-split-by-macro -Wno-cast-function-type-strict -O2 -I../../../../src/include -I/opt/homebrew/Cellar/icu4c@77/77.1/include   -isysroot /Library/Developer/CommandLineTools/SDKs/MacOSX15.2.sdk   -I/opt/homebrew/opt/icu4c@77/include  -c -o paramassign.o paramassign.c
( echo src/backend/postmaster/autovacuum.o src/backend/postmaster/auxprocess.o src/backend/postmaster/bgworker.o src/backend/postmaster/bgwriter.o src/backend/postmaster/checkpointer.o src/backend/postmaster/fork_process.o src/backend/postmaster/interrupt.o src/backend/postmaster/launch_backend.o src/backend/postmaster/pgarch.o src/backend/postmaster/pmchild.o src/backend/postmaster/postmaster.o src/backend/postmaster/startup.o src/backend/postmaster/syslogger.o src/backend/postmaster/walsummarizer.o src/backend/postmaster/walwriter.o ) >objfiles.txt
/usr/bin/bison -d -o repl_gram.c repl_gram.y
gcc -Wall -Wmissing-prototypes -Wpointer-arith -Wdeclaration-after-statement -Werror=vla -Werror=unguarded-availability-new -Wendif-labels -Wmissing-format-attribute -Wcast-function-type -Wformat-security -Wmissing-variable-declarations -fno-strict-aliasing -fwrapv -fexcess-precision=standard -Wno-unused-command-line-argument -Wno-compound-token-split-by-macro -Wno-cast-function-type-strict -O2 -I../../../../src/include -I/opt/homebrew/Cellar/icu4c@77/77.1/include   -isysroot /Library/Developer/CommandLineTools/SDKs/MacOSX15.2.sdk   -I/opt/homebrew/opt/icu4c@77/include  -c -o setrefs.o setrefs.c
gcc -Wall -Wmissing-prototypes -Wpointer-arith -Wdeclaration-after-statement -Werror=vla -Werror=unguarded-availability-new -Wendif-labels -Wmissing-format-attribute -Wcast-function-type -Wformat-security -Wmissing-variable-declarations -fno-strict-aliasing -fwrapv -fexcess-precision=standard -Wno-unused-command-line-argument -Wno-compound-token-split-by-macro -Wno-cast-function-type-strict -O2 -I. -I../../../../src/include -I/opt/homebrew/Cellar/icu4c@77/77.1/include   -isysroot /Library/Developer/CommandLineTools/SDKs/MacOSX15.2.sdk   -I/opt/homebrew/opt/icu4c@77/include  -c -o logicalfuncs.o logicalfuncs.c
gcc -Wall -Wmissing-prototypes -Wpointer-arith -Wdeclaration-after-statement -Werror=vla -Werror=unguarded-availability-new -Wendif-labels -Wmissing-format-attribute -Wcast-function-type -Wformat-security -Wmissing-variable-declarations -fno-strict-aliasing -fwrapv -fexcess-precision=standard -Wno-unused-command-line-argument -Wno-compound-token-split-by-macro -Wno-cast-function-type-strict -O2 -I../../../../src/include -I/opt/homebrew/Cellar/icu4c@77/77.1/include   -isysroot /Library/Developer/CommandLineTools/SDKs/MacOSX15.2.sdk   -I/opt/homebrew/opt/icu4c@77/include  -c -o pathnode.o pathnode.c
gcc -Wall -Wmissing-prototypes -Wpointer-arith -Wdeclaration-after-statement -Werror=vla -Werror=unguarded-availability-new -Wendif-labels -Wmissing-format-attribute -Wcast-function-type -Wformat-security -Wmissing-variable-declarations -fno-strict-aliasing -fwrapv -fexcess-precision=standard -Wno-unused-command-line-argument -Wno-compound-token-split-by-macro -Wno-cast-function-type-strict -O2 -I../../../../src/include -I/opt/homebrew/Cellar/icu4c@77/77.1/include   -isysroot /Library/Developer/CommandLineTools/SDKs/MacOSX15.2.sdk   -I/opt/homebrew/opt/icu4c@77/include  -c -o placeholder.o placeholder.c
gcc -Wall -Wmissing-prototypes -Wpointer-arith -Wdeclaration-after-statement -Werror=vla -Werror=unguarded-availability-new -Wendif-labels -Wmissing-format-attribute -Wcast-function-type -Wformat-security -Wmissing-variable-declarations -fno-strict-aliasing -fwrapv -fexcess-precision=standard -Wno-unused-command-line-argument -Wno-compound-token-split-by-macro -Wno-cast-function-type-strict -O2 -I../../../../src/include -I/opt/homebrew/Cellar/icu4c@77/77.1/include   -isysroot /Library/Developer/CommandLineTools/SDKs/MacOSX15.2.sdk   -I/opt/homebrew/opt/icu4c@77/include  -c -o subselect.o subselect.c
/usr/bin/flex   -o'repl_scanner.c' repl_scanner.l
gcc -Wall -Wmissing-prototypes -Wpointer-arith -Wdeclaration-after-statement -Werror=vla -Werror=unguarded-availability-new -Wendif-labels -Wmissing-format-attribute -Wcast-function-type -Wformat-security -Wmissing-variable-declarations -fno-strict-aliasing -fwrapv -fexcess-precision=standard -Wno-unused-command-line-argument -Wno-compound-token-split-by-macro -Wno-cast-function-type-strict -O2 -I. -I../../../../src/include -I/opt/homebrew/Cellar/icu4c@77/77.1/include   -isysroot /Library/Developer/CommandLineTools/SDKs/MacOSX15.2.sdk   -I/opt/homebrew/opt/icu4c@77/include  -c -o message.o message.c
gcc -Wall -Wmissing-prototypes -Wpointer-arith -Wdeclaration-after-statement -Werror=vla -Werror=unguarded-availability-new -Wendif-labels -Wmissing-format-attribute -Wcast-function-type -Wformat-security -Wmissing-variable-declarations -fno-strict-aliasing -fwrapv -fexcess-precision=standard -Wno-unused-command-line-argument -Wno-compound-token-split-by-macro -Wno-cast-function-type-strict -O2 -I../../../../src/include -I/opt/homebrew/Cellar/icu4c@77/77.1/include   -isysroot /Library/Developer/CommandLineTools/SDKs/MacOSX15.2.sdk   -I/opt/homebrew/opt/icu4c@77/include  -c -o plancat.o plancat.c
gcc -Wall -Wmissing-prototypes -Wpointer-arith -Wdeclaration-after-statement -Werror=vla -Werror=unguarded-availability-new -Wendif-labels -Wmissing-format-attribute -Wcast-function-type -Wformat-security -Wmissing-variable-declarations -fno-strict-aliasing -fwrapv -fexcess-precision=standard -Wno-unused-command-line-argument -Wno-compound-token-split-by-macro -Wno-cast-function-type-strict -O2 -I. -I../../../../src/include -I/opt/homebrew/Cellar/icu4c@77/77.1/include   -isysroot /Library/Developer/CommandLineTools/SDKs/MacOSX15.2.sdk   -I/opt/homebrew/opt/icu4c@77/include  -c -o origin.o origin.c
gcc -Wall -Wmissing-prototypes -Wpointer-arith -Wdeclaration-after-statement -Werror=vla -Werror=unguarded-availability-new -Wendif-labels -Wmissing-format-attribute -Wcast-function-type -Wformat-security -Wmissing-variable-declarations -fno-strict-aliasing -fwrapv -fexcess-precision=standard -Wno-unused-command-line-argument -Wno-compound-token-split-by-macro -Wno-cast-function-type-strict -O2 -I. -I. -I../../../src/include -I/opt/homebrew/Cellar/icu4c@77/77.1/include   -isysroot /Library/Developer/CommandLineTools/SDKs/MacOSX15.2.sdk   -I/opt/homebrew/opt/icu4c@77/include  -c -o slot.o slot.c
gcc -Wall -Wmissing-prototypes -Wpointer-arith -Wdeclaration-after-statement -Werror=vla -Werror=unguarded-availability-new -Wendif-labels -Wmissing-format-attribute -Wcast-function-type -Wformat-security -Wmissing-variable-declarations -fno-strict-aliasing -fwrapv -fexcess-precision=standard -Wno-unused-command-line-argument -Wno-compound-token-split-by-macro -Wno-cast-function-type-strict -O2 -I. -I../../../../src/include -I/opt/homebrew/Cellar/icu4c@77/77.1/include   -isysroot /Library/Developer/CommandLineTools/SDKs/MacOSX15.2.sdk   -I/opt/homebrew/opt/icu4c@77/include  -c -o proto.o proto.c
gcc -Wall -Wmissing-prototypes -Wpointer-arith -Wdeclaration-after-statement -Werror=vla -Werror=unguarded-availability-new -Wendif-labels -Wmissing-format-attribute -Wcast-function-type -Wformat-security -Wmissing-variable-declarations -fno-strict-aliasing -fwrapv -fexcess-precision=standard -Wno-unused-command-line-argument -Wno-compound-token-split-by-macro -Wno-cast-function-type-strict -O2 -I. -I. -I../../../src/include -I/opt/homebrew/Cellar/icu4c@77/77.1/include   -isysroot /Library/Developer/CommandLineTools/SDKs/MacOSX15.2.sdk   -I/opt/homebrew/opt/icu4c@77/include  -c -o slotfuncs.o slotfuncs.c
gcc -Wall -Wmissing-prototypes -Wpointer-arith -Wdeclaration-after-statement -Werror=vla -Werror=unguarded-availability-new -Wendif-labels -Wmissing-format-attribute -Wcast-function-type -Wformat-security -Wmissing-variable-declarations -fno-strict-aliasing -fwrapv -fexcess-precision=standard -Wno-unused-command-line-argument -Wno-compound-token-split-by-macro -Wno-cast-function-type-strict -O2 -I../../../../src/include -I/opt/homebrew/Cellar/icu4c@77/77.1/include   -isysroot /Library/Developer/CommandLineTools/SDKs/MacOSX15.2.sdk   -I/opt/homebrew/opt/icu4c@77/include  -c -o predtest.o predtest.c
gcc -Wall -Wmissing-prototypes -Wpointer-arith -Wdeclaration-after-statement -Werror=vla -Werror=unguarded-availability-new -Wendif-labels -Wmissing-format-attribute -Wcast-function-type -Wformat-security -Wmissing-variable-declarations -fno-strict-aliasing -fwrapv -fexcess-precision=standard -Wno-unused-command-line-argument -Wno-compound-token-split-by-macro -Wno-cast-function-type-strict -O2 -I. -I. -I../../../src/include -I/opt/homebrew/Cellar/icu4c@77/77.1/include   -isysroot /Library/Developer/CommandLineTools/SDKs/MacOSX15.2.sdk   -I/opt/homebrew/opt/icu4c@77/include  -c -o syncrep.o syncrep.c
( echo src/backend/optimizer/plan/analyzejoins.o src/backend/optimizer/plan/createplan.o src/backend/optimizer/plan/initsplan.o src/backend/optimizer/plan/planagg.o src/backend/optimizer/plan/planmain.o src/backend/optimizer/plan/planner.o src/backend/optimizer/plan/setrefs.o src/backend/optimizer/plan/subselect.o ) >objfiles.txt
gcc -Wall -Wmissing-prototypes -Wpointer-arith -Wdeclaration-after-statement -Werror=vla -Werror=unguarded-availability-new -Wendif-labels -Wmissing-format-attribute -Wcast-function-type -Wformat-security -Wmissing-variable-declarations -fno-strict-aliasing -fwrapv -fexcess-precision=standard -Wno-unused-command-line-argument -Wno-compound-token-split-by-macro -Wno-cast-function-type-strict -O2 -I. -I../../../../src/include -I/opt/homebrew/Cellar/icu4c@77/77.1/include   -isysroot /Library/Developer/CommandLineTools/SDKs/MacOSX15.2.sdk   -I/opt/homebrew/opt/icu4c@77/include  -c -o relation.o relation.c
/usr/bin/bison -d -o syncrep_gram.c syncrep_gram.y
/usr/bin/flex   -o'syncrep_scanner.c' syncrep_scanner.l
gcc -Wall -Wmissing-prototypes -Wpointer-arith -Wdeclaration-after-statement -Werror=vla -Werror=unguarded-availability-new -Wendif-labels -Wmissing-format-attribute -Wcast-function-type -Wformat-security -Wmissing-variable-declarations -fno-strict-aliasing -fwrapv -fexcess-precision=standard -Wno-unused-command-line-argument -Wno-compound-token-split-by-macro -Wno-cast-function-type-strict -O2 -I../../../../src/include -I/opt/homebrew/Cellar/icu4c@77/77.1/include   -isysroot /Library/Developer/CommandLineTools/SDKs/MacOSX15.2.sdk   -I/opt/homebrew/opt/icu4c@77/include  -c -o relnode.o relnode.c
gcc -Wall -Wmissing-prototypes -Wpointer-arith -Wdeclaration-after-statement -Werror=vla -Werror=unguarded-availability-new -Wendif-labels -Wmissing-format-attribute -Wcast-function-type -Wformat-security -Wmissing-variable-declarations -fno-strict-aliasing -fwrapv -fexcess-precision=standard -Wno-unused-command-line-argument -Wno-compound-token-split-by-macro -Wno-cast-function-type-strict -O2 -I. -I../../../../src/include -I/opt/homebrew/Cellar/icu4c@77/77.1/include   -isysroot /Library/Developer/CommandLineTools/SDKs/MacOSX15.2.sdk   -I/opt/homebrew/opt/icu4c@77/include  -c -o reorderbuffer.o reorderbuffer.c
gcc -Wall -Wmissing-prototypes -Wpointer-arith -Wdeclaration-after-statement -Werror=vla -Werror=unguarded-availability-new -Wendif-labels -Wmissing-format-attribute -Wcast-function-type -Wformat-security -Wmissing-variable-declarations -fno-strict-aliasing -fwrapv -fexcess-precision=standard -Wno-unused-command-line-argument -Wno-compound-token-split-by-macro -Wno-cast-function-type-strict -O2 -I. -I. -I../../../src/include -I/opt/homebrew/Cellar/icu4c@77/77.1/include   -isysroot /Library/Developer/CommandLineTools/SDKs/MacOSX15.2.sdk   -I/opt/homebrew/opt/icu4c@77/include  -c -o walreceiver.o walreceiver.c
gcc -Wall -Wmissing-prototypes -Wpointer-arith -Wdeclaration-after-statement -Werror=vla -Werror=unguarded-availability-new -Wendif-labels -Wmissing-format-attribute -Wcast-function-type -Wformat-security -Wmissing-variable-declarations -fno-strict-aliasing -fwrapv -fexcess-precision=standard -Wno-unused-command-line-argument -Wno-compound-token-split-by-macro -Wno-cast-function-type-strict -O2 -I../../../../src/include -I/opt/homebrew/Cellar/icu4c@77/77.1/include   -isysroot /Library/Developer/CommandLineTools/SDKs/MacOSX15.2.sdk   -I/opt/homebrew/opt/icu4c@77/include  -c -o restrictinfo.o restrictinfo.c
gcc -Wall -Wmissing-prototypes -Wpointer-arith -Wdeclaration-after-statement -Werror=vla -Werror=unguarded-availability-new -Wendif-labels -Wmissing-format-attribute -Wcast-function-type -Wformat-security -Wmissing-variable-declarations -fno-strict-aliasing -fwrapv -fexcess-precision=standard -Wno-unused-command-line-argument -Wno-compound-token-split-by-macro -Wno-cast-function-type-strict -O2 -I. -I. -I../../../src/include -I/opt/homebrew/Cellar/icu4c@77/77.1/include   -isysroot /Library/Developer/CommandLineTools/SDKs/MacOSX15.2.sdk   -I/opt/homebrew/opt/icu4c@77/include  -c -o walreceiverfuncs.o walreceiverfuncs.c
gcc -Wall -Wmissing-prototypes -Wpointer-arith -Wdeclaration-after-statement -Werror=vla -Werror=unguarded-availability-new -Wendif-labels -Wmissing-format-attribute -Wcast-function-type -Wformat-security -Wmissing-variable-declarations -fno-strict-aliasing -fwrapv -fexcess-precision=standard -Wno-unused-command-line-argument -Wno-compound-token-split-by-macro -Wno-cast-function-type-strict -O2 -I. -I../../../../src/include -I/opt/homebrew/Cellar/icu4c@77/77.1/include   -isysroot /Library/Developer/CommandLineTools/SDKs/MacOSX15.2.sdk   -I/opt/homebrew/opt/icu4c@77/include  -c -o slotsync.o slotsync.c
gcc -Wall -Wmissing-prototypes -Wpointer-arith -Wdeclaration-after-statement -Werror=vla -Werror=unguarded-availability-new -Wendif-labels -Wmissing-format-attribute -Wcast-function-type -Wformat-security -Wmissing-variable-declarations -fno-strict-aliasing -fwrapv -fexcess-precision=standard -Wno-unused-command-line-argument -Wno-compound-token-split-by-macro -Wno-cast-function-type-strict -O2 -I. -I. -I../../../src/include -I/opt/homebrew/Cellar/icu4c@77/77.1/include   -isysroot /Library/Developer/CommandLineTools/SDKs/MacOSX15.2.sdk   -I/opt/homebrew/opt/icu4c@77/include  -c -o walsender.o walsender.c
touch repl_gram.h
gcc -Wall -Wmissing-prototypes -Wpointer-arith -Wdeclaration-after-statement -Werror=vla -Werror=unguarded-availability-new -Wendif-labels -Wmissing-format-attribute -Wcast-function-type -Wformat-security -Wmissing-variable-declarations -fno-strict-aliasing -fwrapv -fexcess-precision=standard -Wno-unused-command-line-argument -Wno-compound-token-split-by-macro -Wno-cast-function-type-strict -O2 -I../../../../src/include -I/opt/homebrew/Cellar/icu4c@77/77.1/include   -isysroot /Library/Developer/CommandLineTools/SDKs/MacOSX15.2.sdk   -I/opt/homebrew/opt/icu4c@77/include  -c -o tlist.o tlist.c
gcc -Wall -Wmissing-prototypes -Wpointer-arith -Wdeclaration-after-statement -Werror=vla -Werror=unguarded-availability-new -Wendif-labels -Wmissing-format-attribute -Wcast-function-type -Wformat-security -Wmissing-variable-declarations -fno-strict-aliasing -fwrapv -fexcess-precision=standard -Wno-unused-command-line-argument -Wno-compound-token-split-by-macro -Wno-cast-function-type-strict -O2 -I../../../../src/include -I/opt/homebrew/Cellar/icu4c@77/77.1/include   -isysroot /Library/Developer/CommandLineTools/SDKs/MacOSX15.2.sdk   -I/opt/homebrew/opt/icu4c@77/include  -c -o var.o var.c
touch syncrep_gram.h
gcc -Wall -Wmissing-prototypes -Wpointer-arith -Wdeclaration-after-statement -Werror=vla -Werror=unguarded-availability-new -Wendif-labels -Wmissing-format-attribute -Wcast-function-type -Wformat-security -Wmissing-variable-declarations -fno-strict-aliasing -fwrapv -fexcess-precision=standard -Wno-unused-command-line-argument -Wno-compound-token-split-by-macro -Wno-cast-function-type-strict -O2 -I. -I. -I../../../src/include -I/opt/homebrew/Cellar/icu4c@77/77.1/include   -isysroot /Library/Developer/CommandLineTools/SDKs/MacOSX15.2.sdk   -I/opt/homebrew/opt/icu4c@77/include  -c -o repl_gram.o repl_gram.c
gcc -Wall -Wmissing-prototypes -Wpointer-arith -Wdeclaration-after-statement -Werror=vla -Werror=unguarded-availability-new -Wendif-labels -Wmissing-format-attribute -Wcast-function-type -Wformat-security -Wmissing-variable-declarations -fno-strict-aliasing -fwrapv -fexcess-precision=standard -Wno-unused-command-line-argument -Wno-compound-token-split-by-macro -Wno-cast-function-type-strict -O2 -I. -I. -I../../../src/include -I/opt/homebrew/Cellar/icu4c@77/77.1/include   -isysroot /Library/Developer/CommandLineTools/SDKs/MacOSX15.2.sdk   -I/opt/homebrew/opt/icu4c@77/include  -c -o repl_scanner.o repl_scanner.c
( echo src/backend/nodes/bitmapset.o src/backend/nodes/copyfuncs.o src/backend/nodes/equalfuncs.o src/backend/nodes/extensible.o src/backend/nodes/list.o src/backend/nodes/makefuncs.o src/backend/nodes/multibitmapset.o src/backend/nodes/nodeFuncs.o src/backend/nodes/outfuncs.o src/backend/nodes/params.o src/backend/nodes/print.o src/backend/nodes/queryjumblefuncs.o src/backend/nodes/read.o src/backend/nodes/readfuncs.o src/backend/nodes/tidbitmap.o src/backend/nodes/value.o ) >objfiles.txt
gcc -Wall -Wmissing-prototypes -Wpointer-arith -Wdeclaration-after-statement -Werror=vla -Werror=unguarded-availability-new -Wendif-labels -Wmissing-format-attribute -Wcast-function-type -Wformat-security -Wmissing-variable-declarations -fno-strict-aliasing -fwrapv -fexcess-precision=standard -Wno-unused-command-line-argument -Wno-compound-token-split-by-macro -Wno-cast-function-type-strict -O2 -I. -I../../../../src/include -I/opt/homebrew/Cellar/icu4c@77/77.1/include   -isysroot /Library/Developer/CommandLineTools/SDKs/MacOSX15.2.sdk   -I/opt/homebrew/opt/icu4c@77/include  -c -o snapbuild.o snapbuild.c
gcc -Wall -Wmissing-prototypes -Wpointer-arith -Wdeclaration-after-statement -Werror=vla -Werror=unguarded-availability-new -Wendif-labels -Wmissing-format-attribute -Wcast-function-type -Wformat-security -Wmissing-variable-declarations -fno-strict-aliasing -fwrapv -fexcess-precision=standard -Wno-unused-command-line-argument -Wno-compound-token-split-by-macro -Wno-cast-function-type-strict -O2 -I. -I. -I../../../src/include -I/opt/homebrew/Cellar/icu4c@77/77.1/include   -isysroot /Library/Developer/CommandLineTools/SDKs/MacOSX15.2.sdk   -I/opt/homebrew/opt/icu4c@77/include  -c -o syncrep_gram.o syncrep_gram.c
gcc -Wall -Wmissing-prototypes -Wpointer-arith -Wdeclaration-after-statement -Werror=vla -Werror=unguarded-availability-new -Wendif-labels -Wmissing-format-attribute -Wcast-function-type -Wformat-security -Wmissing-variable-declarations -fno-strict-aliasing -fwrapv -fexcess-precision=standard -Wno-unused-command-line-argument -Wno-compound-token-split-by-macro -Wno-cast-function-type-strict -O2 -I. -I../../../../src/include -I/opt/homebrew/Cellar/icu4c@77/77.1/include   -isysroot /Library/Developer/CommandLineTools/SDKs/MacOSX15.2.sdk   -I/opt/homebrew/opt/icu4c@77/include  -c -o tablesync.o tablesync.c
gcc -Wall -Wmissing-prototypes -Wpointer-arith -Wdeclaration-after-statement -Werror=vla -Werror=unguarded-availability-new -Wendif-labels -Wmissing-format-attribute -Wcast-function-type -Wformat-security -Wmissing-variable-declarations -fno-strict-aliasing -fwrapv -fexcess-precision=standard -Wno-unused-command-line-argument -Wno-compound-token-split-by-macro -Wno-cast-function-type-strict -O2 -I. -I. -I../../../src/include -I/opt/homebrew/Cellar/icu4c@77/77.1/include   -isysroot /Library/Developer/CommandLineTools/SDKs/MacOSX15.2.sdk   -I/opt/homebrew/opt/icu4c@77/include  -c -o syncrep_scanner.o syncrep_scanner.c
gcc -Wall -Wmissing-prototypes -Wpointer-arith -Wdeclaration-after-statement -Werror=vla -Werror=unguarded-availability-new -Wendif-labels -Wmissing-format-attribute -Wcast-function-type -Wformat-security -Wmissing-variable-declarations -fno-strict-aliasing -fwrapv -fexcess-precision=standard -Wno-unused-command-line-argument -Wno-compound-token-split-by-macro -Wno-cast-function-type-strict -O2 -I. -I../../../../src/include -I/opt/homebrew/Cellar/icu4c@77/77.1/include   -isysroot /Library/Developer/CommandLineTools/SDKs/MacOSX15.2.sdk   -I/opt/homebrew/opt/icu4c@77/include  -c -o worker.o worker.c
( echo src/backend/optimizer/util/appendinfo.o src/backend/optimizer/util/clauses.o src/backend/optimizer/util/inherit.o src/backend/optimizer/util/joininfo.o src/backend/optimizer/util/orclauses.o src/backend/optimizer/util/paramassign.o src/backend/optimizer/util/pathnode.o src/backend/optimizer/util/placeholder.o src/backend/optimizer/util/plancat.o src/backend/optimizer/util/predtest.o src/backend/optimizer/util/relnode.o src/backend/optimizer/util/restrictinfo.o src/backend/optimizer/util/tlist.o src/backend/optimizer/util/var.o ) >objfiles.txt
( cat geqo/objfiles.txt path/objfiles.txt plan/objfiles.txt prep/objfiles.txt util/objfiles.txt; echo  ) >objfiles.txt
( echo src/backend/replication/logical/applyparallelworker.o src/backend/replication/logical/conflict.o src/backend/replication/logical/decode.o src/backend/replication/logical/launcher.o src/backend/replication/logical/logical.o src/backend/replication/logical/logicalfuncs.o src/backend/replication/logical/message.o src/backend/replication/logical/origin.o src/backend/replication/logical/proto.o src/backend/replication/logical/relation.o src/backend/replication/logical/reorderbuffer.o src/backend/replication/logical/slotsync.o src/backend/replication/logical/snapbuild.o src/backend/replication/logical/tablesync.o src/backend/replication/logical/worker.o ) >objfiles.txt
( cat logical/objfiles.txt; echo src/backend/replication/repl_gram.o src/backend/replication/repl_scanner.o src/backend/replication/slot.o src/backend/replication/slotfuncs.o src/backend/replication/syncrep.o src/backend/replication/syncrep_gram.o src/backend/replication/syncrep_scanner.o src/backend/replication/walreceiver.o src/backend/replication/walreceiverfuncs.o src/backend/replication/walsender.o ) >objfiles.txt
make[1]: *** [all-backend-recurse] Error 2
make: *** [all-src-recurse] Error 2
